// Jest Snapshot v1, https://goo.gl/fbAQLP

exports[`Dashboard Table  renders table cells in the correct order 1`] = `
<Fragment>
  <Table>
    <Row
      header={true}
    >
      <Cell
        addedClass=""
        key="weak-key-0"
        title=""
      >
        <span
          className="row"
        >
          <span
            className="pl-2 pt-2"
          >
            Fellow Name
          </span>
          <div>
            <SortButtons
              active={true}
              arrowDownClick={[Function]}
              arrowUpClick={[Function]}
              headerName="name"
              sortType="ascending"
            />
          </div>
        </span>
      </Cell>
      <Cell
        addedClass=""
        key="weak-key-1"
        title=""
      >
        <span
          className="row"
        >
          <span
            className="pl-2 pt-2"
          >
            Level
          </span>
          <div>
            <SortButtons
              active={false}
              arrowDownClick={[Function]}
              arrowUpClick={[Function]}
              headerName="level"
              sortType="ascending"
            />
          </div>
        </span>
      </Cell>
      <Cell
        addedClass=""
        key="weak-key-2"
        title=""
      >
        <span
          className="row"
        >
          <span
            className="pl-2 pt-2"
          >
            Week
          </span>
          <div>
            <SortButtons
              active={false}
              arrowDownClick={[Function]}
              arrowUpClick={[Function]}
              headerName="weeksSpent"
              sortType="ascending"
            />
          </div>
        </span>
      </Cell>
      <Cell
        addedClass=""
        key="weak-key-3"
        title=""
      >
        <span
          className="row"
        >
          <span
            className="pl-2 pt-2"
          >
            LF/TTL
          </span>
          <div>
            <SortButtons
              active={false}
              arrowDownClick={[Function]}
              arrowUpClick={[Function]}
              headerName="managerName"
              sortType="ascending"
            />
          </div>
        </span>
      </Cell>
      <Cell
        addedClass=""
        key="weak-key-4"
        title=""
      >
        <span
          className="row"
        >
          <span
            className="pl-2 pt-2"
          >
            DevPulse Status
          </span>
          <div>
            <SortButtons
              active={false}
              arrowDownClick={[Function]}
              arrowUpClick={[Function]}
              headerName="devPulseStatus"
              sortType="ascending"
            />
          </div>
        </span>
      </Cell>
      <Cell
        addedClass=""
        key="weak-key-5"
        title=""
      >
        <span
          className="row"
        >
          <span
            className="pl-2 pt-2"
          >
            LMS Status
          </span>
          <div>
            <SortButtons
              active={false}
              arrowDownClick={[Function]}
              arrowUpClick={[Function]}
              headerName="lmsStatus"
              sortType="ascending"
            />
          </div>
        </span>
      </Cell>
      <Cell
        addedClass=""
        key="weak-key-6"
        title=""
      >
        <span
          className="row"
        >
          <span
            className="pl-2 pt-2"
          >
            Advancement
          </span>
          <div>
            <SortButtons
              active={false}
              arrowDownClick={[Function]}
              arrowUpClick={[Function]}
              headerName="overall_status"
              sortType="ascending"
            />
          </div>
        </span>
      </Cell>
    </Row>
    <DashboardRow
      fellow={
        Object {
          "actual apprenticeship start date": "2018-12-10",
          "advanceStatus": "N/A",
          "cohort": "Class 1 - NBO",
          "communication": "1.00",
          "devPulseStatus": "On Track",
          "email": "abbey.maddy@andela.com",
          "fellow_id": "-LMKN5flPv4R7LCZs0lh",
          "firstName": "Abbey",
          "initiative": "1.00",
          "integration": "1.00",
          "isBeforeWk5": true,
          "lastName": "Maddy",
          "level": "D0A Simulations",
          "lmsStatus": "N/A",
          "professionalism": "1.00",
          "quality": "1.00",
          "quantity": "1.00",
          "simulation start date": "2018-11-01",
          "staffId": null,
          "status": "onTrack",
          "submitterFirstName": "",
          "submitterLastName": "",
          "weeksSpent": 23,
        }
      }
      fellowCells={
        Array [
          Object {
            "color": "no-track",
            "element": "name",
            "value": "N/A",
          },
          Object {
            "color": null,
            "element": "level",
            "value": "D0A Simulations",
          },
          Object {
            "color": null,
            "element": "weeksSpent",
            "value": 23,
          },
          Object {
            "color": "no-track",
            "element": "ttlName",
            "value": "N/A",
          },
          Object {
            "color": null,
            "element": "devPulseStatus",
            "value": "On Track",
          },
          Object {
            "color": "no-track",
            "element": "lmsStatus",
            "value": "N/A",
          },
          Object {
            "color": "no-track",
            "element": "advanceStatus",
            "value": "N/A",
          },
        ]
      }
      key="-LMKN5flPv4R7LCZs0lh"
    />
    <DashboardRow
      fellow={
        Object {
          "advanceStatus": "N/A",
          "cohort": "Class 10 - KLA",
          "communication": "1.12",
          "devPulseStatus": "Off Track",
          "email": "gordon.balaaka@andela.com",
          "fellow_id": "-LJK1qECFdekucrwqqkh",
          "firstName": "Gordon",
          "initiative": "1.00",
          "integration": "1.25",
          "isBeforeWk5": false,
          "lastName": "Balaaka",
          "level": "D0A Simulations",
          "levelReturned": "D0A Simulations",
          "lmsStatus": "N/A",
          "professionalism": "1.00",
          "quality": "1.00",
          "quantity": "1.12",
          "staffId": "-LAmk78f7GyBWkt2UWpb",
          "status": "gteWk5OffTrack",
          "submitterFirstName": "Ephraim",
          "submitterLastName": "Malinga",
          "weeksSpent": "N/A",
        }
      }
      fellowCells={
        Array [
          Object {
            "color": "no-track",
            "element": "name",
            "value": "N/A",
          },
          Object {
            "color": null,
            "element": "level",
            "value": "D0A Simulations",
          },
          Object {
            "color": "no-track",
            "element": "weeksSpent",
            "value": "N/A",
          },
          Object {
            "color": "no-track",
            "element": "ttlName",
            "value": "N/A",
          },
          Object {
            "color": "off-track",
            "element": "devPulseStatus",
            "value": "Off Track",
          },
          Object {
            "color": "no-track",
            "element": "lmsStatus",
            "value": "N/A",
          },
          Object {
            "color": "no-track",
            "element": "advanceStatus",
            "value": "N/A",
          },
        ]
      }
      key="-LJK1qECFdekucrwqqkh"
    />
    <DashboardRow
      fellow={
        Object {
          "actual apprenticeship start date": "2018-10-15",
          "advanceStatus": "N/A",
          "cohort": "Class 13 - KLA",
          "communication": "1.00",
          "devPulseStatus": "On Track",
          "email": "timothy.mubiru@andela.com",
          "expected apprenticeship completion date": "2019-01-16",
          "fellow_id": "-LJK2KDhq70_X1YbirFx",
          "firstName": "Timothy",
          "initiative": "1.00",
          "integration": "1.00",
          "isBeforeWk5": true,
          "lastName": "Mubiru",
          "level": "D0A Simulations",
          "lmsStatus": "N/A",
          "professionalism": "1.00",
          "quality": "1.00",
          "quantity": "1.00",
          "staffId": "-LAmk78f7GyBWkt2UWpb",
          "status": "onTrack",
          "submitterFirstName": "Ephraim",
          "submitterLastName": "Malinga",
          "weeksSpent": "N/A",
        }
      }
      fellowCells={
        Array [
          Object {
            "color": "no-track",
            "element": "name",
            "value": "N/A",
          },
          Object {
            "color": null,
            "element": "level",
            "value": "D0A Simulations",
          },
          Object {
            "color": "no-track",
            "element": "weeksSpent",
            "value": "N/A",
          },
          Object {
            "color": "no-track",
            "element": "ttlName",
            "value": "N/A",
          },
          Object {
            "color": null,
            "element": "devPulseStatus",
            "value": "On Track",
          },
          Object {
            "color": "no-track",
            "element": "lmsStatus",
            "value": "N/A",
          },
          Object {
            "color": "no-track",
            "element": "advanceStatus",
            "value": "N/A",
          },
        ]
      }
      key="-LJK2KDhq70_X1YbirFx"
    />
    <DashboardRow
      fellow={
        Object {
          "actual apprenticeship start date": "2019-02-18",
          "actual simulations completion date": "2019-02-14",
          "advanceStatus": "N/A",
          "cohort": "Class 12 - KLA",
          "communication": "1.00",
          "devPulseStatus": "On Track",
          "email": "sam.rubarema@andela.com",
          "expected apprenticeship completion date": "2019-05-16",
          "fellow_id": "-LP641ReDxZeT2ABACW8",
          "firstName": "Sam",
          "initiative": "1.00",
          "integration": "1.00",
          "isBeforeWk5": true,
          "lastName": "Rubarema",
          "level": "D0B Apprenticeship",
          "lmsStatus": "N/A",
          "professionalism": "1.00",
          "quality": "1.00",
          "quantity": "1.00",
          "simulation start date": "2018-11-19",
          "staffId": null,
          "status": "onTrack",
          "submitterFirstName": "",
          "submitterLastName": "",
          "weeksSpent": 7,
        }
      }
      fellowCells={
        Array [
          Object {
            "color": "no-track",
            "element": "name",
            "value": "N/A",
          },
          Object {
            "color": null,
            "element": "level",
            "value": "D0B Apprenticeship",
          },
          Object {
            "color": null,
            "element": "weeksSpent",
            "value": 7,
          },
          Object {
            "color": "no-track",
            "element": "ttlName",
            "value": "N/A",
          },
          Object {
            "color": null,
            "element": "devPulseStatus",
            "value": "On Track",
          },
          Object {
            "color": "no-track",
            "element": "lmsStatus",
            "value": "N/A",
          },
          Object {
            "color": "no-track",
            "element": "advanceStatus",
            "value": "N/A",
          },
        ]
      }
      key="-LP641ReDxZeT2ABACW8"
    />
    <DashboardRow
      fellow={
        Object {
          "actual apprenticeship start date": "2019-01-14",
          "actual simulations completion date": "2019-01-11",
          "advanceStatus": "N/A",
          "cohort": "Class 41 - LOS",
          "communication": "1.00",
          "devPulseStatus": "On Track",
          "email": "fredrick.adegoke@andela.com",
          "expected apprenticeship completion date": "2019-04-08",
          "fellow_id": "-LLUW2BwQiZS0j9KF10j",
          "firstName": "Fredrick",
          "initiative": "1.00",
          "integration": "1.00",
          "isBeforeWk5": true,
          "lastName": "Adegoke",
          "level": "D0B Apprenticeship",
          "lmsStatus": "N/A",
          "professionalism": "1.00",
          "quality": "1.00",
          "quantity": "1.00",
          "simulation start date": "2018-10-16",
          "staffId": "-LGy4OuPDHCZCZvDuPz0",
          "status": "onTrack",
          "submitterFirstName": "Trust",
          "submitterLastName": "Birungi",
          "weeksSpent": 12,
        }
      }
      fellowCells={
        Array [
          Object {
            "color": "no-track",
            "element": "name",
            "value": "N/A",
          },
          Object {
            "color": null,
            "element": "level",
            "value": "D0B Apprenticeship",
          },
          Object {
            "color": null,
            "element": "weeksSpent",
            "value": 12,
          },
          Object {
            "color": "no-track",
            "element": "ttlName",
            "value": "N/A",
          },
          Object {
            "color": null,
            "element": "devPulseStatus",
            "value": "On Track",
          },
          Object {
            "color": "no-track",
            "element": "lmsStatus",
            "value": "N/A",
          },
          Object {
            "color": "no-track",
            "element": "advanceStatus",
            "value": "N/A",
          },
        ]
      }
      key="-LLUW2BwQiZS0j9KF10j"
    />
    <DashboardRow
      fellow={
        Object {
          "advanceStatus": "N/A",
          "cohort": "Class 38 - LOS",
          "communication": "1.00",
          "devPulseStatus": "Off Track",
          "email": "sinmiloluwa.oloyede@andela.com",
          "fellow_id": "-LEnW5RRn0IkO8VjnMma",
          "firstName": "Sinmiloluwa",
          "initiative": "1.20",
          "integration": "1.10",
          "isBeforeWk5": false,
          "lastName": "Oloyede",
          "level": "D0B Apprenticeship",
          "levelReturned": "D0B Apprenticeship",
          "lmsStatus": "N/A",
          "professionalism": "1.10",
          "quality": "1.10",
          "quantity": "1.30",
          "staffId": "-LGy4OuPDHCZCZvDuPz0",
          "status": "gteWk5OffTrack",
          "submitterFirstName": "Trust",
          "submitterLastName": "Birungi",
          "weeksSpent": "N/A",
        }
      }
      fellowCells={
        Array [
          Object {
            "color": "no-track",
            "element": "name",
            "value": "N/A",
          },
          Object {
            "color": null,
            "element": "level",
            "value": "D0B Apprenticeship",
          },
          Object {
            "color": "no-track",
            "element": "weeksSpent",
            "value": "N/A",
          },
          Object {
            "color": "no-track",
            "element": "ttlName",
            "value": "N/A",
          },
          Object {
            "color": "off-track",
            "element": "devPulseStatus",
            "value": "Off Track",
          },
          Object {
            "color": "no-track",
            "element": "lmsStatus",
            "value": "N/A",
          },
          Object {
            "color": "no-track",
            "element": "advanceStatus",
            "value": "N/A",
          },
        ]
      }
      key="-LEnW5RRn0IkO8VjnMma"
    />
    <DashboardRow
      fellow={
        Object {
          "advanceStatus": "N/A",
          "cohort": "Class 10 - KLA",
          "communication": "1.25",
          "devPulseStatus": "Off Track",
          "email": "samuel.bwambale@andela.com",
          "fellow_id": "-LJK2fj_k_R7aYBAq_AR",
          "firstName": "Samuel",
          "initiative": "1.25",
          "integration": "1.50",
          "isBeforeWk5": false,
          "lastName": "Bwambale",
          "level": "D0A Simulations",
          "levelReturned": "D0A Simulations",
          "lmsStatus": "N/A",
          "professionalism": "1.50",
          "quality": "1.00",
          "quantity": "1.12",
          "staffId": "-LJXG90epIwmW2U1XQHB",
          "status": "gteWk5OffTrack",
          "submitterFirstName": "Martin",
          "submitterLastName": "Bbaale",
          "weeksSpent": "N/A",
        }
      }
      fellowCells={
        Array [
          Object {
            "color": "no-track",
            "element": "name",
            "value": "N/A",
          },
          Object {
            "color": null,
            "element": "level",
            "value": "D0A Simulations",
          },
          Object {
            "color": "no-track",
            "element": "weeksSpent",
            "value": "N/A",
          },
          Object {
            "color": "no-track",
            "element": "ttlName",
            "value": "N/A",
          },
          Object {
            "color": "off-track",
            "element": "devPulseStatus",
            "value": "Off Track",
          },
          Object {
            "color": "no-track",
            "element": "lmsStatus",
            "value": "N/A",
          },
          Object {
            "color": "no-track",
            "element": "advanceStatus",
            "value": "N/A",
          },
        ]
      }
      key="-LJK2fj_k_R7aYBAq_AR"
    />
    <DashboardRow
      fellow={
        Object {
          "advanceStatus": "N/A",
          "cohort": "Class 37 - LOS",
          "communication": "0.00",
          "devPulseStatus": "Off Track",
          "email": "folajimi.ogunbadejo@andela.com",
          "fellow_id": "-LD3PA3VgP4qvRRORX08",
          "firstName": "Folajimi",
          "initiative": "1.33",
          "integration": "1.00",
          "isBeforeWk5": false,
          "lastName": "Ogunbadejo",
          "level": "D0B Apprenticeship",
          "levelReturned": "D0B Apprenticeship",
          "lmsStatus": "N/A",
          "professionalism": "0.00",
          "quality": "1.00",
          "quantity": "1.41",
          "staffId": "-LGy4OuPDHCZCZvDuPz0",
          "status": "gteWk5OffTrack",
          "submitterFirstName": "Trust",
          "submitterLastName": "Birungi",
          "weeksSpent": "N/A",
        }
      }
      fellowCells={
        Array [
          Object {
            "color": "no-track",
            "element": "name",
            "value": "N/A",
          },
          Object {
            "color": null,
            "element": "level",
            "value": "D0B Apprenticeship",
          },
          Object {
            "color": "no-track",
            "element": "weeksSpent",
            "value": "N/A",
          },
          Object {
            "color": "no-track",
            "element": "ttlName",
            "value": "N/A",
          },
          Object {
            "color": "off-track",
            "element": "devPulseStatus",
            "value": "Off Track",
          },
          Object {
            "color": "no-track",
            "element": "lmsStatus",
            "value": "N/A",
          },
          Object {
            "color": "no-track",
            "element": "advanceStatus",
            "value": "N/A",
          },
        ]
      }
      key="-LD3PA3VgP4qvRRORX08"
    />
    <DashboardRow
      fellow={
        Object {
          "advanceStatus": "N/A",
          "cohort": "Class 10 - KLA",
          "communication": "1.33",
          "devPulseStatus": "Off Track",
          "email": "edward.kigozi@andela.com",
          "fellow_id": "-LJK2KDhq70_X1YbirFa",
          "firstName": "Edward",
          "initiative": "1.33",
          "integration": "1.33",
          "isBeforeWk5": true,
          "lastName": "Kigozi",
          "level": "D0A Simulations",
          "levelReturned": "D0A Simulations",
          "lmsStatus": "N/A",
          "professionalism": "1.33",
          "quality": "1.33",
          "quantity": "1.33",
          "staffId": "-LAmk78f7GyBWkt2UWpb",
          "status": "ltWk5OffTrack",
          "submitterFirstName": "Ephraim",
          "submitterLastName": "Malinga",
          "weeksSpent": "N/A",
        }
      }
      fellowCells={
        Array [
          Object {
            "color": "no-track",
            "element": "name",
            "value": "N/A",
          },
          Object {
            "color": null,
            "element": "level",
            "value": "D0A Simulations",
          },
          Object {
            "color": "no-track",
            "element": "weeksSpent",
            "value": "N/A",
          },
          Object {
            "color": "no-track",
            "element": "ttlName",
            "value": "N/A",
          },
          Object {
            "color": "off-track",
            "element": "devPulseStatus",
            "value": "Off Track",
          },
          Object {
            "color": "no-track",
            "element": "lmsStatus",
            "value": "N/A",
          },
          Object {
            "color": "no-track",
            "element": "advanceStatus",
            "value": "N/A",
          },
        ]
      }
      key="-LJK2KDhq70_X1YbirFa"
    />
  </Table>
</Fragment>
`;

exports[`Dashboard Table  renders the sort buttons to match snapshot 1`] = `
<span
  className="sort-buttons ml-3 p-0 text-left"
>
  <div
    className="sort-buttons__up p-0"
  >
    <i
      className="fas align-self-center fa-angle-up text-primary"
      data-ascending={true}
      data-target="header"
      onClick={[MockFunction]}
      onKeyPress={[MockFunction]}
      role="button"
      tabIndex="0"
    />
  </div>
  <div
    className="sort-buttons__down p-0"
  >
    <i
      className="fas align-self-center fa-angle-down "
      data-target="header"
      onClick={[MockFunction]}
      onKeyPress={[MockFunction]}
      role="button"
      tabIndex="-1"
    />
  </div>
</span>
`;
