// Jest Snapshot v1, https://goo.gl/fbAQLP

exports[`MapFeedbackFilter card tests should render MapFeedbackFilter card without crashing 1`] = `
ShallowWrapper {
  Symbol(enzyme.__root__): [Circular],
  Symbol(enzyme.__unrendered__): <MapFeedbackFilterCard
    feedbackArray={
        Array [
            Object {
              "context": "Your quality is below expectation, you are off-track",
              "criteria": "lms",
              "end_date": "null",
              "first_name": "Oluseyi",
              "last_name": "Anani",
              "level": "D0B Apprenticeship",
              "manager": "Trust birungi",
              "manager_email": "trust.birungi@andela.com",
              "project": "Watch Tower",
              "start_date": "2019-03-05",
              "type": "pre-pip",
            },
            Object {
              "context": "Your quality is below expectation",
              "criteria": "pulse",
              "end_date": "2018-07-18",
              "first_name": "Brian",
              "last_name": "Mboya",
              "level": "D0A Simulations",
              "manager": "Trust birungi",
              "manager_email": "trust.birungi@andela.com",
              "project": "Noldor",
              "start_date": "2019-03-06",
              "type": "pip",
            },
            Object {
              "context": "Your quality is below expectation",
              "criteria": "pulse",
              "end_date": "2018-07-18",
              "first_name": "Brian",
              "last_name": "Mboya",
              "level": "D0A Simulations",
              "manager": "Trust birungi",
              "manager_email": "trust.birungi@andela.com",
              "project": "Noldor",
              "start_date": "2019-03-08",
              "type": "pip",
            },
            Object {
              "context": "Your quality is below expectation",
              "criteria": "lms",
              "end_date": "2018-07-18",
              "first_name": "Brian",
              "last_name": "Mboya",
              "level": "D0A Simulations",
              "manager": "Trust birungi",
              "manager_email": "trust.birungi@andela.com",
              "project": "Noldor",
              "start_date": "2019-03-10",
              "type": "pip",
            },
          ]
    }
    filterKey="project"
    handleCardClick={[Function]}
    isTicked={
        Object {
            "project": "",
          }
    }
    title="All Products"
/>,
  Symbol(enzyme.__renderer__): Object {
    "batchedUpdates": [Function],
    "getNode": [Function],
    "render": [Function],
    "simulateError": [Function],
    "simulateEvent": [Function],
    "unmount": [Function],
  },
  Symbol(enzyme.__node__): Object {
    "instance": null,
    "key": undefined,
    "nodeType": "class",
    "props": Object {
      "children": Array [
        <FellowFilterCard
          cardName="All Products"
          displayPicture={true}
          filterKey="project"
          handleCardClick={[Function]}
          isManager={false}
          isTicked={
                    Object {
                              "project": "",
                            }
          }
          numberOfFellows={4}
          picture=""
/>,
        <FellowFilterCard
          cardName="Watch Tower"
          displayPicture={true}
          filterKey="project"
          handleCardClick={[Function]}
          isManager={false}
          isTicked={
                    Object {
                              "project": "",
                            }
          }
          numberOfFellows={1}
          picture=""
/>,
        <FellowFilterCard
          cardName="Noldor"
          displayPicture={true}
          filterKey="project"
          handleCardClick={[Function]}
          isManager={false}
          isTicked={
                    Object {
                              "project": "",
                            }
          }
          numberOfFellows={3}
          picture=""
/>,
      ],
      "className": "manager-slick",
      "infinite": false,
      "nextArrow": <NavArrow
        buttonClass="slick-next"
        iconClass="fa-angle-right"
        onClick={[Function]}
/>,
      "prevArrow": <NavArrow
        buttonClass="slick-prev"
        iconClass="fa-angle-left"
        onClick={[Function]}
/>,
      "responsive": Array [
        Object {
          "breakpoint": 1000,
          "settings": Object {
            "slidesToScroll": 1,
            "slidesToShow": 2,
          },
        },
        Object {
          "breakpoint": 700,
          "settings": Object {
            "slidesToScroll": 1,
            "slidesToShow": 1,
          },
        },
      ],
      "rows": 1,
      "slidesToShow": 2.9999,
      "swipeToSlide": true,
    },
    "ref": null,
    "rendered": Array [
      Object {
        "instance": null,
        "key": "All Products",
        "nodeType": "function",
        "props": Object {
          "cardName": "All Products",
          "displayPicture": true,
          "filterKey": "project",
          "handleCardClick": [Function],
          "isManager": false,
          "isTicked": Object {
            "project": "",
          },
          "numberOfFellows": 4,
          "picture": "",
        },
        "ref": null,
        "rendered": null,
        "type": [Function],
      },
      Object {
        "instance": null,
        "key": "Watch Tower",
        "nodeType": "function",
        "props": Object {
          "cardName": "Watch Tower",
          "displayPicture": true,
          "filterKey": "project",
          "handleCardClick": [Function],
          "isManager": false,
          "isTicked": Object {
            "project": "",
          },
          "numberOfFellows": 1,
          "picture": "",
        },
        "ref": null,
        "rendered": null,
        "type": [Function],
      },
      Object {
        "instance": null,
        "key": "Noldor",
        "nodeType": "function",
        "props": Object {
          "cardName": "Noldor",
          "displayPicture": true,
          "filterKey": "project",
          "handleCardClick": [Function],
          "isManager": false,
          "isTicked": Object {
            "project": "",
          },
          "numberOfFellows": 3,
          "picture": "",
        },
        "ref": null,
        "rendered": null,
        "type": [Function],
      },
    ],
    "type": [Function],
  },
  Symbol(enzyme.__nodes__): Array [
    Object {
      "instance": null,
      "key": undefined,
      "nodeType": "class",
      "props": Object {
        "children": Array [
          <FellowFilterCard
            cardName="All Products"
            displayPicture={true}
            filterKey="project"
            handleCardClick={[Function]}
            isManager={false}
            isTicked={
                        Object {
                                    "project": "",
                                  }
            }
            numberOfFellows={4}
            picture=""
/>,
          <FellowFilterCard
            cardName="Watch Tower"
            displayPicture={true}
            filterKey="project"
            handleCardClick={[Function]}
            isManager={false}
            isTicked={
                        Object {
                                    "project": "",
                                  }
            }
            numberOfFellows={1}
            picture=""
/>,
          <FellowFilterCard
            cardName="Noldor"
            displayPicture={true}
            filterKey="project"
            handleCardClick={[Function]}
            isManager={false}
            isTicked={
                        Object {
                                    "project": "",
                                  }
            }
            numberOfFellows={3}
            picture=""
/>,
        ],
        "className": "manager-slick",
        "infinite": false,
        "nextArrow": <NavArrow
          buttonClass="slick-next"
          iconClass="fa-angle-right"
          onClick={[Function]}
/>,
        "prevArrow": <NavArrow
          buttonClass="slick-prev"
          iconClass="fa-angle-left"
          onClick={[Function]}
/>,
        "responsive": Array [
          Object {
            "breakpoint": 1000,
            "settings": Object {
              "slidesToScroll": 1,
              "slidesToShow": 2,
            },
          },
          Object {
            "breakpoint": 700,
            "settings": Object {
              "slidesToScroll": 1,
              "slidesToShow": 1,
            },
          },
        ],
        "rows": 1,
        "slidesToShow": 2.9999,
        "swipeToSlide": true,
      },
      "ref": null,
      "rendered": Array [
        Object {
          "instance": null,
          "key": "All Products",
          "nodeType": "function",
          "props": Object {
            "cardName": "All Products",
            "displayPicture": true,
            "filterKey": "project",
            "handleCardClick": [Function],
            "isManager": false,
            "isTicked": Object {
              "project": "",
            },
            "numberOfFellows": 4,
            "picture": "",
          },
          "ref": null,
          "rendered": null,
          "type": [Function],
        },
        Object {
          "instance": null,
          "key": "Watch Tower",
          "nodeType": "function",
          "props": Object {
            "cardName": "Watch Tower",
            "displayPicture": true,
            "filterKey": "project",
            "handleCardClick": [Function],
            "isManager": false,
            "isTicked": Object {
              "project": "",
            },
            "numberOfFellows": 1,
            "picture": "",
          },
          "ref": null,
          "rendered": null,
          "type": [Function],
        },
        Object {
          "instance": null,
          "key": "Noldor",
          "nodeType": "function",
          "props": Object {
            "cardName": "Noldor",
            "displayPicture": true,
            "filterKey": "project",
            "handleCardClick": [Function],
            "isManager": false,
            "isTicked": Object {
              "project": "",
            },
            "numberOfFellows": 3,
            "picture": "",
          },
          "ref": null,
          "rendered": null,
          "type": [Function],
        },
      ],
      "type": [Function],
    },
  ],
  Symbol(enzyme.__options__): Object {
    "adapter": ReactSixteenAdapter {
      "options": Object {
        "enableComponentDidUpdateOnSetState": true,
        "lifecycles": Object {
          "componentDidUpdate": Object {
            "onSetState": true,
          },
          "getDerivedStateFromProps": true,
          "getSnapshotBeforeUpdate": true,
          "setState": Object {
            "skipsComponentDidUpdateOnNullish": true,
          },
        },
      },
    },
  },
}
`;
