// Jest Snapshot v1, https://goo.gl/fbAQLP

exports[`LMSChartOverview component matches snapshot 1`] = `
<div
  className="lms-chart-overview"
>
  <div
    className="output-score-summary"
  >
    <div
      className="output-score-summary__progress"
    >
      <div>
        <strong>
          Outputs with scores 2+ 
        </strong>
         -
         
        3
        /
        15
      </div>
      <div>
        <strong>
          Required 
        </strong>
         - 
        15
        /
        9
      </div>
    </div>
  </div>
  <CharKeySection />
</div>
`;
