// Jest Snapshot v1, https://goo.gl/fbAQLP

exports[`should match snapshot 1`] = `
<div
  style={
    Object {
      "fontSize": "2rem",
      "margin": "1rem auto",
      "textAlign": "center",
      "width": "100%",
    }
  }
>
  test
</div>
`;
