// Jest Snapshot v1, https://goo.gl/fbAQLP

exports[`ViewProjectsContainer component renders correctly 1`] = `
<ViewProjects
  allProjects={
    Object {
      "data": Array [],
      "error": null,
      "loading": false,
    }
  }
  fetchAllProjects={[Function]}
  setDeleteTarget={[Function]}
  store={
    Object {
      "clearActions": [Function],
      "dispatch": [Function],
      "getActions": [Function],
      "getState": [Function],
      "replaceReducer": [Function],
      "subscribe": [Function],
    }
  }
  storeSubscription={
    Subscription {
      "listeners": Object {
        "clear": [Function],
        "get": [Function],
        "notify": [Function],
        "subscribe": [Function],
      },
      "onStateChange": [Function],
      "parentSub": undefined,
      "store": Object {
        "clearActions": [Function],
        "dispatch": [Function],
        "getActions": [Function],
        "getState": [Function],
        "replaceReducer": [Function],
        "subscribe": [Function],
      },
      "unsubscribe": [Function],
    }
  }
  user={
    Object {
      "email": "ty@andela.com",
      "roles": Object {
        "WATCH_TOWER_OPS": "34323234Yf-34",
      },
    }
  }
/>
`;

exports[`ViewProjectsContainer component should map state to props 1`] = `
Object {
  "allProjects": Object {
    "data": Array [],
    "error": null,
    "loading": false,
  },
}
`;
