// Jest Snapshot v1, https://goo.gl/fbAQLP

exports[`Project details card tests should render project details card BIG without crashing 1`] = `undefined`;

exports[`Project details card tests should render project details card SMALL without crashing 1`] = `undefined`;

exports[`Project details card tests should render project details page without crashing 1`] = `undefined`;

exports[`Project details card tests should render project links component successfully 1`] = `
<Fragment>
  <a
    href="https://andela.slack.com/messages/CCU16SAKA/undefined"
    rel="noopener noreferrer"
    target="_blank"
  >
    <div
      className="links"
    >
      <img
        alt="slack-logo"
        src="slack-logo-icon.png"
      />
      #
      test proje
      ... team on slack
    </div>
  </a>
  <a
    href="http://google.com"
    rel="noopener noreferrer"
    target="_blank"
  >
    <div
      className="links"
    >
      <img
        alt="invision logo"
        src="invision-logo.svg"
      />
      test project
       on invision
    </div>
  </a>
</Fragment>
`;
