// Jest Snapshot v1, https://goo.gl/fbAQLP

exports[`OpsDashboardContainer component renders correctly 1`] = `
<OpsDashboardMain
  averageFellowsPerLf={0}
  averageFellowsPerTtl={0}
  fellowsCount={
    Object {
      "Total": 0,
    }
  }
  getOpsSummary={[Function]}
  lfs={Array []}
  loading={false}
  store={
    Object {
      "clearActions": [Function],
      "dispatch": [Function],
      "getActions": [Function],
      "getState": [Function],
      "replaceReducer": [Function],
      "subscribe": [Function],
    }
  }
  storeSubscription={
    Subscription {
      "listeners": Object {
        "clear": [Function],
        "get": [Function],
        "notify": [Function],
        "subscribe": [Function],
      },
      "onStateChange": [Function],
      "parentSub": undefined,
      "store": Object {
        "clearActions": [Function],
        "dispatch": [Function],
        "getActions": [Function],
        "getState": [Function],
        "replaceReducer": [Function],
        "subscribe": [Function],
      },
      "unsubscribe": [Function],
    }
  }
  ttls={Array []}
  user={
    Object {
      "email": "ty@andela.com",
      "roles": Object {
        "WATCH_TOWER_OPS": "34323234Yf-34",
      },
    }
  }
/>
`;

exports[`OpsDashboardContainer component should map state to props 1`] = `
Object {
  "averageFellowsPerLf": 0,
  "averageFellowsPerTtl": 0,
  "fellowsCount": Object {
    "Total": 0,
  },
  "lfs": Array [],
  "loading": false,
  "ttls": Array [],
}
`;
