// Jest Snapshot v1, https://goo.gl/fbAQLP

exports[`Test Map Role cards Should render more than one role correctly 1`] = `
ShallowWrapper {
  Symbol(enzyme.__root__): [Circular],
  Symbol(enzyme.__unrendered__): <MapProjectRoleCard
    activeEngineers={Object {}}
    fetchActiveEngineers={[Function]}
    loading={true}
    roleData={
        Array [
            Object {
              "active_engineers_count": 1,
              "applications_count": 2,
              "created_at": "2019-06-04 04:56:39",
              "description": "test role description",
              "id": 1,
              "name": "test role",
              "updated_at": "2019-06-04 04:56:39",
              "vacancies_count": 3,
            },
            Object {
              "active_engineers_count": 1,
              "applications_count": 2,
              "created_at": "2019-06-04 04:56:39",
              "description": "test role description",
              "id": 1,
              "name": "test role",
              "updated_at": "2019-06-04 04:56:39",
              "vacancies_count": 3,
            },
          ]
    }
/>,
  Symbol(enzyme.__renderer__): Object {
    "batchedUpdates": [Function],
    "checkPropTypes": [Function],
    "getNode": [Function],
    "render": [Function],
    "simulateError": [Function],
    "simulateEvent": [Function],
    "unmount": [Function],
  },
  Symbol(enzyme.__node__): Object {
    "instance": null,
    "key": undefined,
    "nodeType": "host",
    "props": Object {
      "children": <div
        className="row"
>
        <div
                className="col-4 mb-4"
        >
                <RoleCard
                        activeEngineers={Object {}}
                        fetchActiveEngineers={[Function]}
                        loading={true}
                        role={
                                Object {
                                        "active_engineers_count": 1,
                                        "applications_count": 2,
                                        "created_at": "2019-06-04 04:56:39",
                                        "description": "test role description",
                                        "id": 1,
                                        "name": "test role",
                                        "updated_at": "2019-06-04 04:56:39",
                                        "vacancies_count": 3,
                                      }
                        }
                />
        </div>
        <div
                className="col-4 mb-4"
        >
                <RoleCard
                        activeEngineers={Object {}}
                        fetchActiveEngineers={[Function]}
                        loading={true}
                        role={
                                Object {
                                        "active_engineers_count": 1,
                                        "applications_count": 2,
                                        "created_at": "2019-06-04 04:56:39",
                                        "description": "test role description",
                                        "id": 1,
                                        "name": "test role",
                                        "updated_at": "2019-06-04 04:56:39",
                                        "vacancies_count": 3,
                                      }
                        }
                />
        </div>
</div>,
    },
    "ref": null,
    "rendered": Object {
      "instance": null,
      "key": undefined,
      "nodeType": "host",
      "props": Object {
        "children": Array [
          <div
            className="col-4 mb-4"
>
            <RoleCard
                        activeEngineers={Object {}}
                        fetchActiveEngineers={[Function]}
                        loading={true}
                        role={
                                    Object {
                                                "active_engineers_count": 1,
                                                "applications_count": 2,
                                                "created_at": "2019-06-04 04:56:39",
                                                "description": "test role description",
                                                "id": 1,
                                                "name": "test role",
                                                "updated_at": "2019-06-04 04:56:39",
                                                "vacancies_count": 3,
                                              }
                        }
            />
</div>,
          <div
            className="col-4 mb-4"
>
            <RoleCard
                        activeEngineers={Object {}}
                        fetchActiveEngineers={[Function]}
                        loading={true}
                        role={
                                    Object {
                                                "active_engineers_count": 1,
                                                "applications_count": 2,
                                                "created_at": "2019-06-04 04:56:39",
                                                "description": "test role description",
                                                "id": 1,
                                                "name": "test role",
                                                "updated_at": "2019-06-04 04:56:39",
                                                "vacancies_count": 3,
                                              }
                        }
            />
</div>,
        ],
        "className": "row",
      },
      "ref": null,
      "rendered": Array [
        Object {
          "instance": null,
          "key": "1",
          "nodeType": "host",
          "props": Object {
            "children": <RoleCard
              activeEngineers={Object {}}
              fetchActiveEngineers={[Function]}
              loading={true}
              role={
                            Object {
                                          "active_engineers_count": 1,
                                          "applications_count": 2,
                                          "created_at": "2019-06-04 04:56:39",
                                          "description": "test role description",
                                          "id": 1,
                                          "name": "test role",
                                          "updated_at": "2019-06-04 04:56:39",
                                          "vacancies_count": 3,
                                        }
              }
/>,
            "className": "col-4 mb-4",
          },
          "ref": null,
          "rendered": Object {
            "instance": null,
            "key": undefined,
            "nodeType": "class",
            "props": Object {
              "activeEngineers": Object {},
              "fetchActiveEngineers": [Function],
              "loading": true,
              "role": Object {
                "active_engineers_count": 1,
                "applications_count": 2,
                "created_at": "2019-06-04 04:56:39",
                "description": "test role description",
                "id": 1,
                "name": "test role",
                "updated_at": "2019-06-04 04:56:39",
                "vacancies_count": 3,
              },
            },
            "ref": null,
            "rendered": null,
            "type": [Function],
          },
          "type": "div",
        },
        Object {
          "instance": null,
          "key": "1",
          "nodeType": "host",
          "props": Object {
            "children": <RoleCard
              activeEngineers={Object {}}
              fetchActiveEngineers={[Function]}
              loading={true}
              role={
                            Object {
                                          "active_engineers_count": 1,
                                          "applications_count": 2,
                                          "created_at": "2019-06-04 04:56:39",
                                          "description": "test role description",
                                          "id": 1,
                                          "name": "test role",
                                          "updated_at": "2019-06-04 04:56:39",
                                          "vacancies_count": 3,
                                        }
              }
/>,
            "className": "col-4 mb-4",
          },
          "ref": null,
          "rendered": Object {
            "instance": null,
            "key": undefined,
            "nodeType": "class",
            "props": Object {
              "activeEngineers": Object {},
              "fetchActiveEngineers": [Function],
              "loading": true,
              "role": Object {
                "active_engineers_count": 1,
                "applications_count": 2,
                "created_at": "2019-06-04 04:56:39",
                "description": "test role description",
                "id": 1,
                "name": "test role",
                "updated_at": "2019-06-04 04:56:39",
                "vacancies_count": 3,
              },
            },
            "ref": null,
            "rendered": null,
            "type": [Function],
          },
          "type": "div",
        },
      ],
      "type": "div",
    },
    "type": "div",
  },
  Symbol(enzyme.__nodes__): Array [
    Object {
      "instance": null,
      "key": undefined,
      "nodeType": "host",
      "props": Object {
        "children": <div
          className="row"
>
          <div
                    className="col-4 mb-4"
          >
                    <RoleCard
                              activeEngineers={Object {}}
                              fetchActiveEngineers={[Function]}
                              loading={true}
                              role={
                                        Object {
                                                  "active_engineers_count": 1,
                                                  "applications_count": 2,
                                                  "created_at": "2019-06-04 04:56:39",
                                                  "description": "test role description",
                                                  "id": 1,
                                                  "name": "test role",
                                                  "updated_at": "2019-06-04 04:56:39",
                                                  "vacancies_count": 3,
                                                }
                              }
                    />
          </div>
          <div
                    className="col-4 mb-4"
          >
                    <RoleCard
                              activeEngineers={Object {}}
                              fetchActiveEngineers={[Function]}
                              loading={true}
                              role={
                                        Object {
                                                  "active_engineers_count": 1,
                                                  "applications_count": 2,
                                                  "created_at": "2019-06-04 04:56:39",
                                                  "description": "test role description",
                                                  "id": 1,
                                                  "name": "test role",
                                                  "updated_at": "2019-06-04 04:56:39",
                                                  "vacancies_count": 3,
                                                }
                              }
                    />
          </div>
</div>,
      },
      "ref": null,
      "rendered": Object {
        "instance": null,
        "key": undefined,
        "nodeType": "host",
        "props": Object {
          "children": Array [
            <div
              className="col-4 mb-4"
>
              <RoleCard
                            activeEngineers={Object {}}
                            fetchActiveEngineers={[Function]}
                            loading={true}
                            role={
                                          Object {
                                                        "active_engineers_count": 1,
                                                        "applications_count": 2,
                                                        "created_at": "2019-06-04 04:56:39",
                                                        "description": "test role description",
                                                        "id": 1,
                                                        "name": "test role",
                                                        "updated_at": "2019-06-04 04:56:39",
                                                        "vacancies_count": 3,
                                                      }
                            }
              />
</div>,
            <div
              className="col-4 mb-4"
>
              <RoleCard
                            activeEngineers={Object {}}
                            fetchActiveEngineers={[Function]}
                            loading={true}
                            role={
                                          Object {
                                                        "active_engineers_count": 1,
                                                        "applications_count": 2,
                                                        "created_at": "2019-06-04 04:56:39",
                                                        "description": "test role description",
                                                        "id": 1,
                                                        "name": "test role",
                                                        "updated_at": "2019-06-04 04:56:39",
                                                        "vacancies_count": 3,
                                                      }
                            }
              />
</div>,
          ],
          "className": "row",
        },
        "ref": null,
        "rendered": Array [
          Object {
            "instance": null,
            "key": "1",
            "nodeType": "host",
            "props": Object {
              "children": <RoleCard
                activeEngineers={Object {}}
                fetchActiveEngineers={[Function]}
                loading={true}
                role={
                                Object {
                                                "active_engineers_count": 1,
                                                "applications_count": 2,
                                                "created_at": "2019-06-04 04:56:39",
                                                "description": "test role description",
                                                "id": 1,
                                                "name": "test role",
                                                "updated_at": "2019-06-04 04:56:39",
                                                "vacancies_count": 3,
                                              }
                }
/>,
              "className": "col-4 mb-4",
            },
            "ref": null,
            "rendered": Object {
              "instance": null,
              "key": undefined,
              "nodeType": "class",
              "props": Object {
                "activeEngineers": Object {},
                "fetchActiveEngineers": [Function],
                "loading": true,
                "role": Object {
                  "active_engineers_count": 1,
                  "applications_count": 2,
                  "created_at": "2019-06-04 04:56:39",
                  "description": "test role description",
                  "id": 1,
                  "name": "test role",
                  "updated_at": "2019-06-04 04:56:39",
                  "vacancies_count": 3,
                },
              },
              "ref": null,
              "rendered": null,
              "type": [Function],
            },
            "type": "div",
          },
          Object {
            "instance": null,
            "key": "1",
            "nodeType": "host",
            "props": Object {
              "children": <RoleCard
                activeEngineers={Object {}}
                fetchActiveEngineers={[Function]}
                loading={true}
                role={
                                Object {
                                                "active_engineers_count": 1,
                                                "applications_count": 2,
                                                "created_at": "2019-06-04 04:56:39",
                                                "description": "test role description",
                                                "id": 1,
                                                "name": "test role",
                                                "updated_at": "2019-06-04 04:56:39",
                                                "vacancies_count": 3,
                                              }
                }
/>,
              "className": "col-4 mb-4",
            },
            "ref": null,
            "rendered": Object {
              "instance": null,
              "key": undefined,
              "nodeType": "class",
              "props": Object {
                "activeEngineers": Object {},
                "fetchActiveEngineers": [Function],
                "loading": true,
                "role": Object {
                  "active_engineers_count": 1,
                  "applications_count": 2,
                  "created_at": "2019-06-04 04:56:39",
                  "description": "test role description",
                  "id": 1,
                  "name": "test role",
                  "updated_at": "2019-06-04 04:56:39",
                  "vacancies_count": 3,
                },
              },
              "ref": null,
              "rendered": null,
              "type": [Function],
            },
            "type": "div",
          },
        ],
        "type": "div",
      },
      "type": "div",
    },
  ],
  Symbol(enzyme.__options__): Object {
    "adapter": ReactSixteenAdapter {
      "options": Object {
        "enableComponentDidUpdateOnSetState": true,
        "legacyContextMode": "parent",
        "lifecycles": Object {
          "componentDidUpdate": Object {
            "onSetState": true,
          },
          "getChildContext": Object {
            "calledByRenderer": false,
          },
          "getDerivedStateFromError": true,
          "getDerivedStateFromProps": Object {
            "hasShouldComponentUpdateBug": false,
          },
          "getSnapshotBeforeUpdate": true,
          "setState": Object {
            "skipsComponentDidUpdateOnNullish": true,
          },
        },
      },
    },
    Symbol(enzyme.__providerValues__): undefined,
  },
  Symbol(enzyme.__providerValues__): Map {},
}
`;

exports[`Test Map Role cards should render correctly 1`] = `
ShallowWrapper {
  Symbol(enzyme.__root__): [Circular],
  Symbol(enzyme.__unrendered__): <MapProjectRoleCard
    activeEngineers={Object {}}
    fetchActiveEngineers={[Function]}
    loading={true}
    roleData={
        Array [
            Object {
              "active_engineers_count": 1,
              "applications_count": 2,
              "created_at": "2019-06-04 04:56:39",
              "description": "test role description",
              "id": 1,
              "name": "test role",
              "updated_at": "2019-06-04 04:56:39",
              "vacancies_count": 3,
            },
          ]
    }
/>,
  Symbol(enzyme.__renderer__): Object {
    "batchedUpdates": [Function],
    "checkPropTypes": [Function],
    "getNode": [Function],
    "render": [Function],
    "simulateError": [Function],
    "simulateEvent": [Function],
    "unmount": [Function],
  },
  Symbol(enzyme.__node__): Object {
    "instance": null,
    "key": undefined,
    "nodeType": "host",
    "props": Object {
      "children": <div
        className="row"
>
        <div
                className="col-4 mb-4"
        >
                <RoleCard
                        activeEngineers={Object {}}
                        fetchActiveEngineers={[Function]}
                        loading={true}
                        role={
                                Object {
                                        "active_engineers_count": 1,
                                        "applications_count": 2,
                                        "created_at": "2019-06-04 04:56:39",
                                        "description": "test role description",
                                        "id": 1,
                                        "name": "test role",
                                        "updated_at": "2019-06-04 04:56:39",
                                        "vacancies_count": 3,
                                      }
                        }
                />
        </div>
</div>,
    },
    "ref": null,
    "rendered": Object {
      "instance": null,
      "key": undefined,
      "nodeType": "host",
      "props": Object {
        "children": Array [
          <div
            className="col-4 mb-4"
>
            <RoleCard
                        activeEngineers={Object {}}
                        fetchActiveEngineers={[Function]}
                        loading={true}
                        role={
                                    Object {
                                                "active_engineers_count": 1,
                                                "applications_count": 2,
                                                "created_at": "2019-06-04 04:56:39",
                                                "description": "test role description",
                                                "id": 1,
                                                "name": "test role",
                                                "updated_at": "2019-06-04 04:56:39",
                                                "vacancies_count": 3,
                                              }
                        }
            />
</div>,
        ],
        "className": "row",
      },
      "ref": null,
      "rendered": Array [
        Object {
          "instance": null,
          "key": "1",
          "nodeType": "host",
          "props": Object {
            "children": <RoleCard
              activeEngineers={Object {}}
              fetchActiveEngineers={[Function]}
              loading={true}
              role={
                            Object {
                                          "active_engineers_count": 1,
                                          "applications_count": 2,
                                          "created_at": "2019-06-04 04:56:39",
                                          "description": "test role description",
                                          "id": 1,
                                          "name": "test role",
                                          "updated_at": "2019-06-04 04:56:39",
                                          "vacancies_count": 3,
                                        }
              }
/>,
            "className": "col-4 mb-4",
          },
          "ref": null,
          "rendered": Object {
            "instance": null,
            "key": undefined,
            "nodeType": "class",
            "props": Object {
              "activeEngineers": Object {},
              "fetchActiveEngineers": [Function],
              "loading": true,
              "role": Object {
                "active_engineers_count": 1,
                "applications_count": 2,
                "created_at": "2019-06-04 04:56:39",
                "description": "test role description",
                "id": 1,
                "name": "test role",
                "updated_at": "2019-06-04 04:56:39",
                "vacancies_count": 3,
              },
            },
            "ref": null,
            "rendered": null,
            "type": [Function],
          },
          "type": "div",
        },
      ],
      "type": "div",
    },
    "type": "div",
  },
  Symbol(enzyme.__nodes__): Array [
    Object {
      "instance": null,
      "key": undefined,
      "nodeType": "host",
      "props": Object {
        "children": <div
          className="row"
>
          <div
                    className="col-4 mb-4"
          >
                    <RoleCard
                              activeEngineers={Object {}}
                              fetchActiveEngineers={[Function]}
                              loading={true}
                              role={
                                        Object {
                                                  "active_engineers_count": 1,
                                                  "applications_count": 2,
                                                  "created_at": "2019-06-04 04:56:39",
                                                  "description": "test role description",
                                                  "id": 1,
                                                  "name": "test role",
                                                  "updated_at": "2019-06-04 04:56:39",
                                                  "vacancies_count": 3,
                                                }
                              }
                    />
          </div>
</div>,
      },
      "ref": null,
      "rendered": Object {
        "instance": null,
        "key": undefined,
        "nodeType": "host",
        "props": Object {
          "children": Array [
            <div
              className="col-4 mb-4"
>
              <RoleCard
                            activeEngineers={Object {}}
                            fetchActiveEngineers={[Function]}
                            loading={true}
                            role={
                                          Object {
                                                        "active_engineers_count": 1,
                                                        "applications_count": 2,
                                                        "created_at": "2019-06-04 04:56:39",
                                                        "description": "test role description",
                                                        "id": 1,
                                                        "name": "test role",
                                                        "updated_at": "2019-06-04 04:56:39",
                                                        "vacancies_count": 3,
                                                      }
                            }
              />
</div>,
          ],
          "className": "row",
        },
        "ref": null,
        "rendered": Array [
          Object {
            "instance": null,
            "key": "1",
            "nodeType": "host",
            "props": Object {
              "children": <RoleCard
                activeEngineers={Object {}}
                fetchActiveEngineers={[Function]}
                loading={true}
                role={
                                Object {
                                                "active_engineers_count": 1,
                                                "applications_count": 2,
                                                "created_at": "2019-06-04 04:56:39",
                                                "description": "test role description",
                                                "id": 1,
                                                "name": "test role",
                                                "updated_at": "2019-06-04 04:56:39",
                                                "vacancies_count": 3,
                                              }
                }
/>,
              "className": "col-4 mb-4",
            },
            "ref": null,
            "rendered": Object {
              "instance": null,
              "key": undefined,
              "nodeType": "class",
              "props": Object {
                "activeEngineers": Object {},
                "fetchActiveEngineers": [Function],
                "loading": true,
                "role": Object {
                  "active_engineers_count": 1,
                  "applications_count": 2,
                  "created_at": "2019-06-04 04:56:39",
                  "description": "test role description",
                  "id": 1,
                  "name": "test role",
                  "updated_at": "2019-06-04 04:56:39",
                  "vacancies_count": 3,
                },
              },
              "ref": null,
              "rendered": null,
              "type": [Function],
            },
            "type": "div",
          },
        ],
        "type": "div",
      },
      "type": "div",
    },
  ],
  Symbol(enzyme.__options__): Object {
    "adapter": ReactSixteenAdapter {
      "options": Object {
        "enableComponentDidUpdateOnSetState": true,
        "legacyContextMode": "parent",
        "lifecycles": Object {
          "componentDidUpdate": Object {
            "onSetState": true,
          },
          "getChildContext": Object {
            "calledByRenderer": false,
          },
          "getDerivedStateFromError": true,
          "getDerivedStateFromProps": Object {
            "hasShouldComponentUpdateBug": false,
          },
          "getSnapshotBeforeUpdate": true,
          "setState": Object {
            "skipsComponentDidUpdateOnNullish": true,
          },
        },
      },
    },
    Symbol(enzyme.__providerValues__): undefined,
  },
  Symbol(enzyme.__providerValues__): Map {},
}
`;
