// Jest Snapshot v1, https://goo.gl/fbAQLP

exports[`matches snapshot 1`] = `
<div>
  <span
    className="welcome-text"
  >
    Hey Erick, you're doing great! 👍
  </span>
</div>
`;
