// Jest Snapshot v1, https://goo.gl/fbAQLP

exports[`Radio Button should render component correctly 1`] = `
<div
  className="form-input"
>
  <label
    className="form-label"
    htmlFor="title"
  >
    Form title
  </label>
  <div
    className="form-input-inline"
  >
    <div>
      <input
        checked="title"
        className="form-radio"
        handleChange={[MockFunction]}
        id="title"
        inputType="text"
        name="title"
        onClick={[MockFunction]}
        options="Certicicate is Exclusive"
        placeholder="title"
        title="Form title"
        type="radio"
        value="title"
      />
      Certicicate is Exclusive
    </div>
  </div>
</div>
`;
