// Jest Snapshot v1, https://goo.gl/fbAQLP

exports[`Developers dashboard test should render developers dashboard as WATCH_TOWER_TTL without crashing 1`] = `
<ErrorBoundary>
  <Switch>
    <Route
      path="/developers/pip/activation/:id"
      render={[Function]}
    />
    <Route
      path="/developers/:id"
      render={[Function]}
    />
    <Route
      path="/developers"
      render={[Function]}
    />
  </Switch>
</ErrorBoundary>
`;

exports[`Developers dashboard test should render developers dashboard without crashing 1`] = `
<ErrorBoundary>
  <Switch>
    <Route
      path="/developers/pip/activation/:id"
      render={[Function]}
    />
    <Route
      path="/developers/:id"
      render={[Function]}
    />
    <Route
      path="/developers"
      render={[Function]}
    />
  </Switch>
</ErrorBoundary>
`;

exports[`Developers dashboard test should render developers dashboard without crashing 2`] = `
<ErrorBoundary>
  <Switch>
    <Route
      path="/developers/pip/activation/:id"
      render={[Function]}
    />
    <Route
      path="/developers/:id"
      render={[Function]}
    />
    <Route
      path="/developers"
      render={[Function]}
    />
  </Switch>
</ErrorBoundary>
`;

exports[`Developers dashboard test should render paginated developers dashboard without crashing 1`] = `
<PaginationFrontendWrapper
  component={
    <DeveloperDashboard
      getManagerFellowsSummary={
        [MockFunction] {
          "calls": Array [
            Array [
              Object {
                "WATCH_TOWER_LF": "34323234Yf-34",
              },
              "ty@andela.com",
            ],
          ],
          "results": Array [
            Object {
              "type": "return",
              "value": Promise {},
            },
          ],
        }
      }
      history={
        Object {
          "push": [MockFunction],
        }
      }
      paginationWrapper={
        Object {
          "renderPagination": [Function],
          "state": Object {
            "paginatedData": Object {},
          },
          "updateData": [Function],
        }
      }
      role="WATCH_TOWER_LF"
      user={
        Object {
          "email": "ty@andela.com",
          "roles": Object {
            "WATCH_TOWER_LF": "34323234Yf-34",
          },
        }
      }
    />
  }
/>
`;
