// Jest Snapshot v1, https://goo.gl/fbAQLP

exports[`renders the search bar 1`] = `
ShallowWrapper {
  Symbol(enzyme.__root__): [Circular],
  Symbol(enzyme.__unrendered__): <SearchBar
    filter="onTrack"
    getFellows={[Function]}
    handleSearchChange={[Function]}
    page={1}
    perPage={10}
    results={15}
    search=""
/>,
  Symbol(enzyme.__renderer__): Object {
    "batchedUpdates": [Function],
    "checkPropTypes": [Function],
    "getNode": [Function],
    "render": [Function],
    "simulateError": [Function],
    "simulateEvent": [Function],
    "unmount": [Function],
  },
  Symbol(enzyme.__node__): Object {
    "instance": null,
    "key": undefined,
    "nodeType": "function",
    "props": Object {
      "children": <div
        className="table_search_div"
        id="table_search_form"
>
        <p>
                Search
        </p>
        <div
                className="input-group fellow-table-search"
        >
                <DebounceInput
                        className="form-control py-2 h-100 border-0"
                        debounceTimeout={300}
                        element="input"
                        forceNotifyByEnter={true}
                        forceNotifyOnBlur={true}
                        inputRef={undefined}
                        minLength={2}
                        name="fellow_search"
                        onBlur={undefined}
                        onChange={[Function]}
                        onKeyDown={undefined}
                        placeholder="Search The Table"
                        type="search"
                        value=""
                />
                <span
                        className="input-group-append"
                >
                        <button
                                className="btn border-0 table-search-append"
                                id="search-button"
                                onClick={[Function]}
                                type="button"
                        >
                                <i
                                        className="fa fa-search text-white "
                                />
                        </button>
                </span>
        </div>
</div>,
    },
    "ref": null,
    "rendered": Object {
      "instance": null,
      "key": undefined,
      "nodeType": "host",
      "props": Object {
        "children": Array [
          <p>
            Search
</p>,
          <div
            className="input-group fellow-table-search"
>
            <DebounceInput
                        className="form-control py-2 h-100 border-0"
                        debounceTimeout={300}
                        element="input"
                        forceNotifyByEnter={true}
                        forceNotifyOnBlur={true}
                        inputRef={undefined}
                        minLength={2}
                        name="fellow_search"
                        onBlur={undefined}
                        onChange={[Function]}
                        onKeyDown={undefined}
                        placeholder="Search The Table"
                        type="search"
                        value=""
            />
            <span
                        className="input-group-append"
            >
                        <button
                                    className="btn border-0 table-search-append"
                                    id="search-button"
                                    onClick={[Function]}
                                    type="button"
                        >
                                    <i
                                                className="fa fa-search text-white "
                                    />
                        </button>
            </span>
</div>,
        ],
        "className": "table_search_div",
        "id": "table_search_form",
      },
      "ref": null,
      "rendered": Array [
        Object {
          "instance": null,
          "key": undefined,
          "nodeType": "host",
          "props": Object {
            "children": "Search",
          },
          "ref": null,
          "rendered": "Search",
          "type": "p",
        },
        Object {
          "instance": null,
          "key": undefined,
          "nodeType": "host",
          "props": Object {
            "children": Array [
              <DebounceInput
                className="form-control py-2 h-100 border-0"
                debounceTimeout={300}
                element="input"
                forceNotifyByEnter={true}
                forceNotifyOnBlur={true}
                inputRef={undefined}
                minLength={2}
                name="fellow_search"
                onBlur={undefined}
                onChange={[Function]}
                onKeyDown={undefined}
                placeholder="Search The Table"
                type="search"
                value=""
/>,
              <span
                className="input-group-append"
>
                <button
                                className="btn border-0 table-search-append"
                                id="search-button"
                                onClick={[Function]}
                                type="button"
                >
                                <i
                                                className="fa fa-search text-white "
                                />
                </button>
</span>,
            ],
            "className": "input-group fellow-table-search",
          },
          "ref": null,
          "rendered": Array [
            Object {
              "instance": null,
              "key": undefined,
              "nodeType": "class",
              "props": Object {
                "className": "form-control py-2 h-100 border-0",
                "debounceTimeout": 300,
                "element": "input",
                "forceNotifyByEnter": true,
                "forceNotifyOnBlur": true,
                "inputRef": undefined,
                "minLength": 2,
                "name": "fellow_search",
                "onBlur": undefined,
                "onChange": [Function],
                "onKeyDown": undefined,
                "placeholder": "Search The Table",
                "type": "search",
                "value": "",
              },
              "ref": null,
              "rendered": null,
              "type": [Function],
            },
            Object {
              "instance": null,
              "key": undefined,
              "nodeType": "host",
              "props": Object {
                "children": <button
                  className="btn border-0 table-search-append"
                  id="search-button"
                  onClick={[Function]}
                  type="button"
>
                  <i
                                    className="fa fa-search text-white "
                  />
</button>,
                "className": "input-group-append",
              },
              "ref": null,
              "rendered": Object {
                "instance": null,
                "key": undefined,
                "nodeType": "host",
                "props": Object {
                  "children": <i
                    className="fa fa-search text-white "
/>,
                  "className": "btn border-0 table-search-append",
                  "id": "search-button",
                  "onClick": [Function],
                  "type": "button",
                },
                "ref": null,
                "rendered": Object {
                  "instance": null,
                  "key": undefined,
                  "nodeType": "host",
                  "props": Object {
                    "className": "fa fa-search text-white ",
                  },
                  "ref": null,
                  "rendered": null,
                  "type": "i",
                },
                "type": "button",
              },
              "type": "span",
            },
          ],
          "type": "div",
        },
      ],
      "type": "div",
    },
    "type": Symbol(react.fragment),
  },
  Symbol(enzyme.__nodes__): Array [
    Object {
      "instance": null,
      "key": undefined,
      "nodeType": "function",
      "props": Object {
        "children": <div
          className="table_search_div"
          id="table_search_form"
>
          <p>
                    Search
          </p>
          <div
                    className="input-group fellow-table-search"
          >
                    <DebounceInput
                              className="form-control py-2 h-100 border-0"
                              debounceTimeout={300}
                              element="input"
                              forceNotifyByEnter={true}
                              forceNotifyOnBlur={true}
                              inputRef={undefined}
                              minLength={2}
                              name="fellow_search"
                              onBlur={undefined}
                              onChange={[Function]}
                              onKeyDown={undefined}
                              placeholder="Search The Table"
                              type="search"
                              value=""
                    />
                    <span
                              className="input-group-append"
                    >
                              <button
                                        className="btn border-0 table-search-append"
                                        id="search-button"
                                        onClick={[Function]}
                                        type="button"
                              >
                                        <i
                                                  className="fa fa-search text-white "
                                        />
                              </button>
                    </span>
          </div>
</div>,
      },
      "ref": null,
      "rendered": Object {
        "instance": null,
        "key": undefined,
        "nodeType": "host",
        "props": Object {
          "children": Array [
            <p>
              Search
</p>,
            <div
              className="input-group fellow-table-search"
>
              <DebounceInput
                            className="form-control py-2 h-100 border-0"
                            debounceTimeout={300}
                            element="input"
                            forceNotifyByEnter={true}
                            forceNotifyOnBlur={true}
                            inputRef={undefined}
                            minLength={2}
                            name="fellow_search"
                            onBlur={undefined}
                            onChange={[Function]}
                            onKeyDown={undefined}
                            placeholder="Search The Table"
                            type="search"
                            value=""
              />
              <span
                            className="input-group-append"
              >
                            <button
                                          className="btn border-0 table-search-append"
                                          id="search-button"
                                          onClick={[Function]}
                                          type="button"
                            >
                                          <i
                                                        className="fa fa-search text-white "
                                          />
                            </button>
              </span>
</div>,
          ],
          "className": "table_search_div",
          "id": "table_search_form",
        },
        "ref": null,
        "rendered": Array [
          Object {
            "instance": null,
            "key": undefined,
            "nodeType": "host",
            "props": Object {
              "children": "Search",
            },
            "ref": null,
            "rendered": "Search",
            "type": "p",
          },
          Object {
            "instance": null,
            "key": undefined,
            "nodeType": "host",
            "props": Object {
              "children": Array [
                <DebounceInput
                  className="form-control py-2 h-100 border-0"
                  debounceTimeout={300}
                  element="input"
                  forceNotifyByEnter={true}
                  forceNotifyOnBlur={true}
                  inputRef={undefined}
                  minLength={2}
                  name="fellow_search"
                  onBlur={undefined}
                  onChange={[Function]}
                  onKeyDown={undefined}
                  placeholder="Search The Table"
                  type="search"
                  value=""
/>,
                <span
                  className="input-group-append"
>
                  <button
                                    className="btn border-0 table-search-append"
                                    id="search-button"
                                    onClick={[Function]}
                                    type="button"
                  >
                                    <i
                                                      className="fa fa-search text-white "
                                    />
                  </button>
</span>,
              ],
              "className": "input-group fellow-table-search",
            },
            "ref": null,
            "rendered": Array [
              Object {
                "instance": null,
                "key": undefined,
                "nodeType": "class",
                "props": Object {
                  "className": "form-control py-2 h-100 border-0",
                  "debounceTimeout": 300,
                  "element": "input",
                  "forceNotifyByEnter": true,
                  "forceNotifyOnBlur": true,
                  "inputRef": undefined,
                  "minLength": 2,
                  "name": "fellow_search",
                  "onBlur": undefined,
                  "onChange": [Function],
                  "onKeyDown": undefined,
                  "placeholder": "Search The Table",
                  "type": "search",
                  "value": "",
                },
                "ref": null,
                "rendered": null,
                "type": [Function],
              },
              Object {
                "instance": null,
                "key": undefined,
                "nodeType": "host",
                "props": Object {
                  "children": <button
                    className="btn border-0 table-search-append"
                    id="search-button"
                    onClick={[Function]}
                    type="button"
>
                    <i
                                        className="fa fa-search text-white "
                    />
</button>,
                  "className": "input-group-append",
                },
                "ref": null,
                "rendered": Object {
                  "instance": null,
                  "key": undefined,
                  "nodeType": "host",
                  "props": Object {
                    "children": <i
                      className="fa fa-search text-white "
/>,
                    "className": "btn border-0 table-search-append",
                    "id": "search-button",
                    "onClick": [Function],
                    "type": "button",
                  },
                  "ref": null,
                  "rendered": Object {
                    "instance": null,
                    "key": undefined,
                    "nodeType": "host",
                    "props": Object {
                      "className": "fa fa-search text-white ",
                    },
                    "ref": null,
                    "rendered": null,
                    "type": "i",
                  },
                  "type": "button",
                },
                "type": "span",
              },
            ],
            "type": "div",
          },
        ],
        "type": "div",
      },
      "type": Symbol(react.fragment),
    },
  ],
  Symbol(enzyme.__options__): Object {
    "adapter": ReactSixteenAdapter {
      "options": Object {
        "enableComponentDidUpdateOnSetState": true,
        "legacyContextMode": "parent",
        "lifecycles": Object {
          "componentDidUpdate": Object {
            "onSetState": true,
          },
          "getChildContext": Object {
            "calledByRenderer": false,
          },
          "getDerivedStateFromError": true,
          "getDerivedStateFromProps": Object {
            "hasShouldComponentUpdateBug": false,
          },
          "getSnapshotBeforeUpdate": true,
          "setState": Object {
            "skipsComponentDidUpdateOnNullish": true,
          },
        },
      },
    },
    Symbol(enzyme.__providerValues__): undefined,
  },
  Symbol(enzyme.__providerValues__): Map {},
  Symbol(enzyme.__childContext__): null,
}
`;
