// Jest Snapshot v1, https://goo.gl/fbAQLP

exports[`ApplicationCrash component it should render without crashing 1`] = `
<Fragment>
  <div
    className="application-crash"
  >
    <div
      className="container"
    >
      <div
        className="row app-icon-area"
      >
        <div
          className="col-md-12 text-center"
        >
          <img
            alt="icon"
            className="w-50"
            src="undraw_notify_88a4_ani_new.svg"
          />
        </div>
      </div>
      <div
        className="row mt-5 mb-3 justify-content-center"
      >
        <div
          className="col-md-8 text-center"
        >
          <h4
            className="font-weight-lighter"
          >
            Oops! Something went wrong.
          </h4>
        </div>
      </div>
      <div
        className="row justify-content-center"
      >
        <div
          className="col-md-12 text-center"
        >
          <button
            className="refresh-btn text-uppercase"
            onClick={[Function]}
            type="button"
          >
            Refresh
          </button>
        </div>
      </div>
    </div>
  </div>
</Fragment>
`;
