// Jest Snapshot v1, https://goo.gl/fbAQLP

exports[`renders to match snapshot 1`] = `
ShallowWrapper {
  Symbol(enzyme.__root__): [Circular],
  Symbol(enzyme.__unrendered__): <FellowChart
    fellowChartTooltip={
        Object {
            "--fellow-chart-tooltip": "13%",
          }
    }
    fellowsCount={
        Array [
            Object {
              "Off Track": 10,
              "On Track": 30,
              "PIP": 3,
              "name": "Week 1",
            },
            Object {
              "Off Track": 12,
              "On Track": 19,
              "PIP": 2,
              "name": "Week 2",
            },
            Object {
              "Off Track": 8,
              "On Track": 22,
              "PIP": 4,
              "name": "Week 3",
            },
            Object {
              "Off Track": 12,
              "On Track": 19,
              "PIP": 5,
              "name": "Week 4",
            },
            Object {
              "Off Track": 4,
              "On Track": 16,
              "PIP": 6,
              "name": "Week 5",
            },
            Object {
              "Off Track": 3,
              "On Track": 23,
              "PIP": 2,
              "name": "Week 6",
            },
            Object {
              "Off Track": 5,
              "On Track": 22,
              "PIP": 1,
              "name": "Week 7",
            },
            Object {
              "Off Track": 9,
              "On Track": 29,
              "PIP": 9,
              "name": "Week 8",
            },
            Object {
              "Off Track": 3,
              "On Track": 30,
              "PIP": 6,
              "name": "Week 9",
            },
            Object {
              "Off Track": 5,
              "On Track": 25,
              "PIP": 0,
              "name": "Week 10",
            },
            Object {
              "Off Track": 6,
              "On Track": 26,
              "PIP": 6,
              "name": "Week 11",
            },
            Object {
              "Off Track": 26,
              "On Track": 30,
              "PIP": 3,
              "name": "Week 12",
            },
          ]
    }
    handleChartClose={[Function]}
    radioCardOptions={
        Array [
            Object {
              "name": " Today",
              "value": "Trend",
            },
            Object {
              "name": "Trend",
              "value": "Today",
            },
          ]
    }
    updateSelected={[Function]}
/>,
  Symbol(enzyme.__renderer__): Object {
    "batchedUpdates": [Function],
    "getNode": [Function],
    "render": [Function],
    "simulateError": [Function],
    "simulateEvent": [Function],
    "unmount": [Function],
  },
  Symbol(enzyme.__node__): Object {
    "instance": null,
    "key": undefined,
    "nodeType": "host",
    "props": Object {
      "children": Array [
        <div
          className="base"
          style={
                    Object {
                              "--fellow-chart-tooltip": "13%",
                            }
          }
/>,
        <div
          className="fellow-chart"
>
          <button
                    aria-label="Close Fellow Chart"
                    className="close fellow-chart-close"
                    onClick={[Function]}
                    type="button"
          >
                    <i
                              aria-hidden="true"
                              className="far fa-times-circle"
                    />
          </button>
          <RadioCard
                    current="Trend"
                    handleRadioClick={[Function]}
                    name=" Today"
                    value="Trend"
          />
          <RadioCard
                    current="Trend"
                    handleRadioClick={[Function]}
                    name="Trend"
                    value="Today"
          />
          <Chart
                    data={
                              Array [
                                        Object {
                                          "Off Track": 10,
                                          "On Track": 30,
                                          "PIP": 3,
                                          "name": "Week 1",
                                        },
                                        Object {
                                          "Off Track": 12,
                                          "On Track": 19,
                                          "PIP": 2,
                                          "name": "Week 2",
                                        },
                                        Object {
                                          "Off Track": 8,
                                          "On Track": 22,
                                          "PIP": 4,
                                          "name": "Week 3",
                                        },
                                        Object {
                                          "Off Track": 12,
                                          "On Track": 19,
                                          "PIP": 5,
                                          "name": "Week 4",
                                        },
                                        Object {
                                          "Off Track": 4,
                                          "On Track": 16,
                                          "PIP": 6,
                                          "name": "Week 5",
                                        },
                                        Object {
                                          "Off Track": 3,
                                          "On Track": 23,
                                          "PIP": 2,
                                          "name": "Week 6",
                                        },
                                        Object {
                                          "Off Track": 5,
                                          "On Track": 22,
                                          "PIP": 1,
                                          "name": "Week 7",
                                        },
                                        Object {
                                          "Off Track": 9,
                                          "On Track": 29,
                                          "PIP": 9,
                                          "name": "Week 8",
                                        },
                                        Object {
                                          "Off Track": 3,
                                          "On Track": 30,
                                          "PIP": 6,
                                          "name": "Week 9",
                                        },
                                        Object {
                                          "Off Track": 5,
                                          "On Track": 25,
                                          "PIP": 0,
                                          "name": "Week 10",
                                        },
                                        Object {
                                          "Off Track": 6,
                                          "On Track": 26,
                                          "PIP": 6,
                                          "name": "Week 11",
                                        },
                                        Object {
                                          "Off Track": 26,
                                          "On Track": 30,
                                          "PIP": 3,
                                          "name": "Week 12",
                                        },
                                      ]
                    }
                    title=" Today"
          />
</div>,
      ],
      "className": "fellow-chart-container",
    },
    "ref": null,
    "rendered": Array [
      Object {
        "instance": null,
        "key": undefined,
        "nodeType": "host",
        "props": Object {
          "className": "base",
          "style": Object {
            "--fellow-chart-tooltip": "13%",
          },
        },
        "ref": null,
        "rendered": null,
        "type": "div",
      },
      Object {
        "instance": null,
        "key": undefined,
        "nodeType": "host",
        "props": Object {
          "children": Array [
            <button
              aria-label="Close Fellow Chart"
              className="close fellow-chart-close"
              onClick={[Function]}
              type="button"
>
              <i
                            aria-hidden="true"
                            className="far fa-times-circle"
              />
</button>,
            Array [
              <RadioCard
                current="Trend"
                handleRadioClick={[Function]}
                name=" Today"
                value="Trend"
/>,
              <RadioCard
                current="Trend"
                handleRadioClick={[Function]}
                name="Trend"
                value="Today"
/>,
            ],
            <Chart
              data={
                            Array [
                                          Object {
                                            "Off Track": 10,
                                            "On Track": 30,
                                            "PIP": 3,
                                            "name": "Week 1",
                                          },
                                          Object {
                                            "Off Track": 12,
                                            "On Track": 19,
                                            "PIP": 2,
                                            "name": "Week 2",
                                          },
                                          Object {
                                            "Off Track": 8,
                                            "On Track": 22,
                                            "PIP": 4,
                                            "name": "Week 3",
                                          },
                                          Object {
                                            "Off Track": 12,
                                            "On Track": 19,
                                            "PIP": 5,
                                            "name": "Week 4",
                                          },
                                          Object {
                                            "Off Track": 4,
                                            "On Track": 16,
                                            "PIP": 6,
                                            "name": "Week 5",
                                          },
                                          Object {
                                            "Off Track": 3,
                                            "On Track": 23,
                                            "PIP": 2,
                                            "name": "Week 6",
                                          },
                                          Object {
                                            "Off Track": 5,
                                            "On Track": 22,
                                            "PIP": 1,
                                            "name": "Week 7",
                                          },
                                          Object {
                                            "Off Track": 9,
                                            "On Track": 29,
                                            "PIP": 9,
                                            "name": "Week 8",
                                          },
                                          Object {
                                            "Off Track": 3,
                                            "On Track": 30,
                                            "PIP": 6,
                                            "name": "Week 9",
                                          },
                                          Object {
                                            "Off Track": 5,
                                            "On Track": 25,
                                            "PIP": 0,
                                            "name": "Week 10",
                                          },
                                          Object {
                                            "Off Track": 6,
                                            "On Track": 26,
                                            "PIP": 6,
                                            "name": "Week 11",
                                          },
                                          Object {
                                            "Off Track": 26,
                                            "On Track": 30,
                                            "PIP": 3,
                                            "name": "Week 12",
                                          },
                                        ]
              }
              title=" Today"
/>,
          ],
          "className": "fellow-chart",
        },
        "ref": null,
        "rendered": Array [
          Object {
            "instance": null,
            "key": undefined,
            "nodeType": "host",
            "props": Object {
              "aria-label": "Close Fellow Chart",
              "children": <i
                aria-hidden="true"
                className="far fa-times-circle"
/>,
              "className": "close fellow-chart-close",
              "onClick": [Function],
              "type": "button",
            },
            "ref": null,
            "rendered": Object {
              "instance": null,
              "key": undefined,
              "nodeType": "host",
              "props": Object {
                "aria-hidden": "true",
                "className": "far fa-times-circle",
              },
              "ref": null,
              "rendered": null,
              "type": "i",
            },
            "type": "button",
          },
          Object {
            "instance": null,
            "key": "Trend",
            "nodeType": "function",
            "props": Object {
              "current": "Trend",
              "handleRadioClick": [Function],
              "name": " Today",
              "value": "Trend",
            },
            "ref": null,
            "rendered": null,
            "type": [Function],
          },
          Object {
            "instance": null,
            "key": "Today",
            "nodeType": "function",
            "props": Object {
              "current": "Trend",
              "handleRadioClick": [Function],
              "name": "Trend",
              "value": "Today",
            },
            "ref": null,
            "rendered": null,
            "type": [Function],
          },
          Object {
            "instance": null,
            "key": undefined,
            "nodeType": "function",
            "props": Object {
              "data": Array [
                Object {
                  "Off Track": 10,
                  "On Track": 30,
                  "PIP": 3,
                  "name": "Week 1",
                },
                Object {
                  "Off Track": 12,
                  "On Track": 19,
                  "PIP": 2,
                  "name": "Week 2",
                },
                Object {
                  "Off Track": 8,
                  "On Track": 22,
                  "PIP": 4,
                  "name": "Week 3",
                },
                Object {
                  "Off Track": 12,
                  "On Track": 19,
                  "PIP": 5,
                  "name": "Week 4",
                },
                Object {
                  "Off Track": 4,
                  "On Track": 16,
                  "PIP": 6,
                  "name": "Week 5",
                },
                Object {
                  "Off Track": 3,
                  "On Track": 23,
                  "PIP": 2,
                  "name": "Week 6",
                },
                Object {
                  "Off Track": 5,
                  "On Track": 22,
                  "PIP": 1,
                  "name": "Week 7",
                },
                Object {
                  "Off Track": 9,
                  "On Track": 29,
                  "PIP": 9,
                  "name": "Week 8",
                },
                Object {
                  "Off Track": 3,
                  "On Track": 30,
                  "PIP": 6,
                  "name": "Week 9",
                },
                Object {
                  "Off Track": 5,
                  "On Track": 25,
                  "PIP": 0,
                  "name": "Week 10",
                },
                Object {
                  "Off Track": 6,
                  "On Track": 26,
                  "PIP": 6,
                  "name": "Week 11",
                },
                Object {
                  "Off Track": 26,
                  "On Track": 30,
                  "PIP": 3,
                  "name": "Week 12",
                },
              ],
              "title": " Today",
            },
            "ref": null,
            "rendered": null,
            "type": [Function],
          },
        ],
        "type": "div",
      },
    ],
    "type": "div",
  },
  Symbol(enzyme.__nodes__): Array [
    Object {
      "instance": null,
      "key": undefined,
      "nodeType": "host",
      "props": Object {
        "children": Array [
          <div
            className="base"
            style={
                        Object {
                                    "--fellow-chart-tooltip": "13%",
                                  }
            }
/>,
          <div
            className="fellow-chart"
>
            <button
                        aria-label="Close Fellow Chart"
                        className="close fellow-chart-close"
                        onClick={[Function]}
                        type="button"
            >
                        <i
                                    aria-hidden="true"
                                    className="far fa-times-circle"
                        />
            </button>
            <RadioCard
                        current="Trend"
                        handleRadioClick={[Function]}
                        name=" Today"
                        value="Trend"
            />
            <RadioCard
                        current="Trend"
                        handleRadioClick={[Function]}
                        name="Trend"
                        value="Today"
            />
            <Chart
                        data={
                                    Array [
                                                Object {
                                                  "Off Track": 10,
                                                  "On Track": 30,
                                                  "PIP": 3,
                                                  "name": "Week 1",
                                                },
                                                Object {
                                                  "Off Track": 12,
                                                  "On Track": 19,
                                                  "PIP": 2,
                                                  "name": "Week 2",
                                                },
                                                Object {
                                                  "Off Track": 8,
                                                  "On Track": 22,
                                                  "PIP": 4,
                                                  "name": "Week 3",
                                                },
                                                Object {
                                                  "Off Track": 12,
                                                  "On Track": 19,
                                                  "PIP": 5,
                                                  "name": "Week 4",
                                                },
                                                Object {
                                                  "Off Track": 4,
                                                  "On Track": 16,
                                                  "PIP": 6,
                                                  "name": "Week 5",
                                                },
                                                Object {
                                                  "Off Track": 3,
                                                  "On Track": 23,
                                                  "PIP": 2,
                                                  "name": "Week 6",
                                                },
                                                Object {
                                                  "Off Track": 5,
                                                  "On Track": 22,
                                                  "PIP": 1,
                                                  "name": "Week 7",
                                                },
                                                Object {
                                                  "Off Track": 9,
                                                  "On Track": 29,
                                                  "PIP": 9,
                                                  "name": "Week 8",
                                                },
                                                Object {
                                                  "Off Track": 3,
                                                  "On Track": 30,
                                                  "PIP": 6,
                                                  "name": "Week 9",
                                                },
                                                Object {
                                                  "Off Track": 5,
                                                  "On Track": 25,
                                                  "PIP": 0,
                                                  "name": "Week 10",
                                                },
                                                Object {
                                                  "Off Track": 6,
                                                  "On Track": 26,
                                                  "PIP": 6,
                                                  "name": "Week 11",
                                                },
                                                Object {
                                                  "Off Track": 26,
                                                  "On Track": 30,
                                                  "PIP": 3,
                                                  "name": "Week 12",
                                                },
                                              ]
                        }
                        title=" Today"
            />
</div>,
        ],
        "className": "fellow-chart-container",
      },
      "ref": null,
      "rendered": Array [
        Object {
          "instance": null,
          "key": undefined,
          "nodeType": "host",
          "props": Object {
            "className": "base",
            "style": Object {
              "--fellow-chart-tooltip": "13%",
            },
          },
          "ref": null,
          "rendered": null,
          "type": "div",
        },
        Object {
          "instance": null,
          "key": undefined,
          "nodeType": "host",
          "props": Object {
            "children": Array [
              <button
                aria-label="Close Fellow Chart"
                className="close fellow-chart-close"
                onClick={[Function]}
                type="button"
>
                <i
                                aria-hidden="true"
                                className="far fa-times-circle"
                />
</button>,
              Array [
                <RadioCard
                  current="Trend"
                  handleRadioClick={[Function]}
                  name=" Today"
                  value="Trend"
/>,
                <RadioCard
                  current="Trend"
                  handleRadioClick={[Function]}
                  name="Trend"
                  value="Today"
/>,
              ],
              <Chart
                data={
                                Array [
                                                Object {
                                                  "Off Track": 10,
                                                  "On Track": 30,
                                                  "PIP": 3,
                                                  "name": "Week 1",
                                                },
                                                Object {
                                                  "Off Track": 12,
                                                  "On Track": 19,
                                                  "PIP": 2,
                                                  "name": "Week 2",
                                                },
                                                Object {
                                                  "Off Track": 8,
                                                  "On Track": 22,
                                                  "PIP": 4,
                                                  "name": "Week 3",
                                                },
                                                Object {
                                                  "Off Track": 12,
                                                  "On Track": 19,
                                                  "PIP": 5,
                                                  "name": "Week 4",
                                                },
                                                Object {
                                                  "Off Track": 4,
                                                  "On Track": 16,
                                                  "PIP": 6,
                                                  "name": "Week 5",
                                                },
                                                Object {
                                                  "Off Track": 3,
                                                  "On Track": 23,
                                                  "PIP": 2,
                                                  "name": "Week 6",
                                                },
                                                Object {
                                                  "Off Track": 5,
                                                  "On Track": 22,
                                                  "PIP": 1,
                                                  "name": "Week 7",
                                                },
                                                Object {
                                                  "Off Track": 9,
                                                  "On Track": 29,
                                                  "PIP": 9,
                                                  "name": "Week 8",
                                                },
                                                Object {
                                                  "Off Track": 3,
                                                  "On Track": 30,
                                                  "PIP": 6,
                                                  "name": "Week 9",
                                                },
                                                Object {
                                                  "Off Track": 5,
                                                  "On Track": 25,
                                                  "PIP": 0,
                                                  "name": "Week 10",
                                                },
                                                Object {
                                                  "Off Track": 6,
                                                  "On Track": 26,
                                                  "PIP": 6,
                                                  "name": "Week 11",
                                                },
                                                Object {
                                                  "Off Track": 26,
                                                  "On Track": 30,
                                                  "PIP": 3,
                                                  "name": "Week 12",
                                                },
                                              ]
                }
                title=" Today"
/>,
            ],
            "className": "fellow-chart",
          },
          "ref": null,
          "rendered": Array [
            Object {
              "instance": null,
              "key": undefined,
              "nodeType": "host",
              "props": Object {
                "aria-label": "Close Fellow Chart",
                "children": <i
                  aria-hidden="true"
                  className="far fa-times-circle"
/>,
                "className": "close fellow-chart-close",
                "onClick": [Function],
                "type": "button",
              },
              "ref": null,
              "rendered": Object {
                "instance": null,
                "key": undefined,
                "nodeType": "host",
                "props": Object {
                  "aria-hidden": "true",
                  "className": "far fa-times-circle",
                },
                "ref": null,
                "rendered": null,
                "type": "i",
              },
              "type": "button",
            },
            Object {
              "instance": null,
              "key": "Trend",
              "nodeType": "function",
              "props": Object {
                "current": "Trend",
                "handleRadioClick": [Function],
                "name": " Today",
                "value": "Trend",
              },
              "ref": null,
              "rendered": null,
              "type": [Function],
            },
            Object {
              "instance": null,
              "key": "Today",
              "nodeType": "function",
              "props": Object {
                "current": "Trend",
                "handleRadioClick": [Function],
                "name": "Trend",
                "value": "Today",
              },
              "ref": null,
              "rendered": null,
              "type": [Function],
            },
            Object {
              "instance": null,
              "key": undefined,
              "nodeType": "function",
              "props": Object {
                "data": Array [
                  Object {
                    "Off Track": 10,
                    "On Track": 30,
                    "PIP": 3,
                    "name": "Week 1",
                  },
                  Object {
                    "Off Track": 12,
                    "On Track": 19,
                    "PIP": 2,
                    "name": "Week 2",
                  },
                  Object {
                    "Off Track": 8,
                    "On Track": 22,
                    "PIP": 4,
                    "name": "Week 3",
                  },
                  Object {
                    "Off Track": 12,
                    "On Track": 19,
                    "PIP": 5,
                    "name": "Week 4",
                  },
                  Object {
                    "Off Track": 4,
                    "On Track": 16,
                    "PIP": 6,
                    "name": "Week 5",
                  },
                  Object {
                    "Off Track": 3,
                    "On Track": 23,
                    "PIP": 2,
                    "name": "Week 6",
                  },
                  Object {
                    "Off Track": 5,
                    "On Track": 22,
                    "PIP": 1,
                    "name": "Week 7",
                  },
                  Object {
                    "Off Track": 9,
                    "On Track": 29,
                    "PIP": 9,
                    "name": "Week 8",
                  },
                  Object {
                    "Off Track": 3,
                    "On Track": 30,
                    "PIP": 6,
                    "name": "Week 9",
                  },
                  Object {
                    "Off Track": 5,
                    "On Track": 25,
                    "PIP": 0,
                    "name": "Week 10",
                  },
                  Object {
                    "Off Track": 6,
                    "On Track": 26,
                    "PIP": 6,
                    "name": "Week 11",
                  },
                  Object {
                    "Off Track": 26,
                    "On Track": 30,
                    "PIP": 3,
                    "name": "Week 12",
                  },
                ],
                "title": " Today",
              },
              "ref": null,
              "rendered": null,
              "type": [Function],
            },
          ],
          "type": "div",
        },
      ],
      "type": "div",
    },
  ],
  Symbol(enzyme.__options__): Object {
    "adapter": ReactSixteenAdapter {
      "options": Object {
        "enableComponentDidUpdateOnSetState": true,
        "lifecycles": Object {
          "componentDidUpdate": Object {
            "onSetState": true,
          },
          "getDerivedStateFromProps": true,
          "getSnapshotBeforeUpdate": true,
          "setState": Object {
            "skipsComponentDidUpdateOnNullish": true,
          },
        },
      },
    },
  },
}
`;
