// Jest Snapshot v1, https://goo.gl/fbAQLP

exports[`Vacancy Dashboard renders correctly 1`] = `
<div
  className="vacancies-dashboard cadre__page"
>
  <Connect(AddVacanciesModal) />
  <Connect(DeleteVacanciesModal) />
  <div
    className="row"
  >
    <div
      className="col-9"
    >
      <Title
        subTitle=""
        title="0 Vacancies (0 Projects, 0 Certifications)"
      />
    </div>
    <div
      className="col-3"
    >
      <CadreMainButton
        buttonProps={
          Object {
            "data-target": "#addProjectVacanciesModal",
            "data-toggle": "modal",
            "onClick": [Function],
          }
        }
        label="ADD VACANCIES"
      />
    </div>
  </div>
  <PaginatedVacanciesDashboard />
</div>
`;
