// Jest Snapshot v1, https://goo.gl/fbAQLP

exports[`Tests the CadreDashboard component should render properly 1`] = `
ShallowWrapper {
  Symbol(enzyme.__root__): [Circular],
  Symbol(enzyme.__unrendered__): <CadreDashboard
    history={
        Object {
            "replace": [Function],
          }
    }
    location={
        Object {
            "pathname": "/cadre/projects",
          }
    }
    match={
        Object {
            "url": "/cadre",
          }
    }
/>,
  Symbol(enzyme.__renderer__): Object {
    "batchedUpdates": [Function],
    "checkPropTypes": [Function],
    "getNode": [Function],
    "render": [Function],
    "simulateError": [Function],
    "simulateEvent": [Function],
    "unmount": [Function],
  },
  Symbol(enzyme.__node__): Object {
    "instance": null,
    "key": undefined,
    "nodeType": "function",
    "props": Object {
      "children": <div
        className="container-fluid page-content"
>
        <Connect(AddManagerModal) />
        <Connect(AddTechnologyModal) />
        <div
                className="row"
        >
                <div
                        className="col-sm-3 sidebar-submenu"
                >
                        <CadreSubmenu
                                activeItem="0"
                                handleCardclick={[Function]}
                        />
                </div>
                <div
                        className="col-sm-12 col-lg-9"
                >
                        <Switch>
                                <Route
                                        component={[Function]}
                                        path="/cadre/projects"
                                />
                        </Switch>
                </div>
        </div>
</div>,
    },
    "ref": null,
    "rendered": Object {
      "instance": null,
      "key": undefined,
      "nodeType": "host",
      "props": Object {
        "children": Array [
          <Connect(AddManagerModal) />,
          <Connect(AddTechnologyModal) />,
          <div
            className="row"
>
            <div
                        className="col-sm-3 sidebar-submenu"
            >
                        <CadreSubmenu
                                    activeItem="0"
                                    handleCardclick={[Function]}
                        />
            </div>
            <div
                        className="col-sm-12 col-lg-9"
            >
                        <Switch>
                                    <Route
                                                component={[Function]}
                                                path="/cadre/projects"
                                    />
                        </Switch>
            </div>
</div>,
        ],
        "className": "container-fluid page-content",
      },
      "ref": null,
      "rendered": Array [
        Object {
          "instance": null,
          "key": undefined,
          "nodeType": "class",
          "props": Object {},
          "ref": null,
          "rendered": null,
          "type": [Function],
        },
        Object {
          "instance": null,
          "key": undefined,
          "nodeType": "class",
          "props": Object {},
          "ref": null,
          "rendered": null,
          "type": [Function],
        },
        Object {
          "instance": null,
          "key": undefined,
          "nodeType": "host",
          "props": Object {
            "children": Array [
              <div
                className="col-sm-3 sidebar-submenu"
>
                <CadreSubmenu
                                activeItem="0"
                                handleCardclick={[Function]}
                />
</div>,
              <div
                className="col-sm-12 col-lg-9"
>
                <Switch>
                                <Route
                                                component={[Function]}
                                                path="/cadre/projects"
                                />
                </Switch>
</div>,
            ],
            "className": "row",
          },
          "ref": null,
          "rendered": Array [
            Object {
              "instance": null,
              "key": undefined,
              "nodeType": "host",
              "props": Object {
                "children": <CadreSubmenu
                  activeItem="0"
                  handleCardclick={[Function]}
/>,
                "className": "col-sm-3 sidebar-submenu",
              },
              "ref": null,
              "rendered": Object {
                "instance": null,
                "key": undefined,
                "nodeType": "function",
                "props": Object {
                  "activeItem": "0",
                  "handleCardclick": [Function],
                },
                "ref": null,
                "rendered": null,
                "type": [Function],
              },
              "type": "div",
            },
            Object {
              "instance": null,
              "key": undefined,
              "nodeType": "host",
              "props": Object {
                "children": <Switch>
                  <Route
                                    component={[Function]}
                                    path="/cadre/projects"
                  />
</Switch>,
                "className": "col-sm-12 col-lg-9",
              },
              "ref": null,
              "rendered": Object {
                "instance": null,
                "key": undefined,
                "nodeType": "class",
                "props": Object {
                  "children": <Route
                    component={[Function]}
                    path="/cadre/projects"
/>,
                },
                "ref": null,
                "rendered": Object {
                  "instance": null,
                  "key": undefined,
                  "nodeType": "class",
                  "props": Object {
                    "component": [Function],
                    "path": "/cadre/projects",
                  },
                  "ref": null,
                  "rendered": null,
                  "type": [Function],
                },
                "type": [Function],
              },
              "type": "div",
            },
          ],
          "type": "div",
        },
      ],
      "type": "div",
    },
    "type": Symbol(react.fragment),
  },
  Symbol(enzyme.__nodes__): Array [
    Object {
      "instance": null,
      "key": undefined,
      "nodeType": "function",
      "props": Object {
        "children": <div
          className="container-fluid page-content"
>
          <Connect(AddManagerModal) />
          <Connect(AddTechnologyModal) />
          <div
                    className="row"
          >
                    <div
                              className="col-sm-3 sidebar-submenu"
                    >
                              <CadreSubmenu
                                        activeItem="0"
                                        handleCardclick={[Function]}
                              />
                    </div>
                    <div
                              className="col-sm-12 col-lg-9"
                    >
                              <Switch>
                                        <Route
                                                  component={[Function]}
                                                  path="/cadre/projects"
                                        />
                              </Switch>
                    </div>
          </div>
</div>,
      },
      "ref": null,
      "rendered": Object {
        "instance": null,
        "key": undefined,
        "nodeType": "host",
        "props": Object {
          "children": Array [
            <Connect(AddManagerModal) />,
            <Connect(AddTechnologyModal) />,
            <div
              className="row"
>
              <div
                            className="col-sm-3 sidebar-submenu"
              >
                            <CadreSubmenu
                                          activeItem="0"
                                          handleCardclick={[Function]}
                            />
              </div>
              <div
                            className="col-sm-12 col-lg-9"
              >
                            <Switch>
                                          <Route
                                                        component={[Function]}
                                                        path="/cadre/projects"
                                          />
                            </Switch>
              </div>
</div>,
          ],
          "className": "container-fluid page-content",
        },
        "ref": null,
        "rendered": Array [
          Object {
            "instance": null,
            "key": undefined,
            "nodeType": "class",
            "props": Object {},
            "ref": null,
            "rendered": null,
            "type": [Function],
          },
          Object {
            "instance": null,
            "key": undefined,
            "nodeType": "class",
            "props": Object {},
            "ref": null,
            "rendered": null,
            "type": [Function],
          },
          Object {
            "instance": null,
            "key": undefined,
            "nodeType": "host",
            "props": Object {
              "children": Array [
                <div
                  className="col-sm-3 sidebar-submenu"
>
                  <CadreSubmenu
                                    activeItem="0"
                                    handleCardclick={[Function]}
                  />
</div>,
                <div
                  className="col-sm-12 col-lg-9"
>
                  <Switch>
                                    <Route
                                                      component={[Function]}
                                                      path="/cadre/projects"
                                    />
                  </Switch>
</div>,
              ],
              "className": "row",
            },
            "ref": null,
            "rendered": Array [
              Object {
                "instance": null,
                "key": undefined,
                "nodeType": "host",
                "props": Object {
                  "children": <CadreSubmenu
                    activeItem="0"
                    handleCardclick={[Function]}
/>,
                  "className": "col-sm-3 sidebar-submenu",
                },
                "ref": null,
                "rendered": Object {
                  "instance": null,
                  "key": undefined,
                  "nodeType": "function",
                  "props": Object {
                    "activeItem": "0",
                    "handleCardclick": [Function],
                  },
                  "ref": null,
                  "rendered": null,
                  "type": [Function],
                },
                "type": "div",
              },
              Object {
                "instance": null,
                "key": undefined,
                "nodeType": "host",
                "props": Object {
                  "children": <Switch>
                    <Route
                                        component={[Function]}
                                        path="/cadre/projects"
                    />
</Switch>,
                  "className": "col-sm-12 col-lg-9",
                },
                "ref": null,
                "rendered": Object {
                  "instance": null,
                  "key": undefined,
                  "nodeType": "class",
                  "props": Object {
                    "children": <Route
                      component={[Function]}
                      path="/cadre/projects"
/>,
                  },
                  "ref": null,
                  "rendered": Object {
                    "instance": null,
                    "key": undefined,
                    "nodeType": "class",
                    "props": Object {
                      "component": [Function],
                      "path": "/cadre/projects",
                    },
                    "ref": null,
                    "rendered": null,
                    "type": [Function],
                  },
                  "type": [Function],
                },
                "type": "div",
              },
            ],
            "type": "div",
          },
        ],
        "type": "div",
      },
      "type": Symbol(react.fragment),
    },
  ],
  Symbol(enzyme.__options__): Object {
    "adapter": ReactSixteenAdapter {
      "options": Object {
        "enableComponentDidUpdateOnSetState": true,
        "legacyContextMode": "parent",
        "lifecycles": Object {
          "componentDidUpdate": Object {
            "onSetState": true,
          },
          "getChildContext": Object {
            "calledByRenderer": false,
          },
          "getDerivedStateFromError": true,
          "getDerivedStateFromProps": Object {
            "hasShouldComponentUpdateBug": false,
          },
          "getSnapshotBeforeUpdate": true,
          "setState": Object {
            "skipsComponentDidUpdateOnNullish": true,
          },
        },
      },
    },
  },
  Symbol(enzyme.__childContext__): null,
}
`;
