// Jest Snapshot v1, https://goo.gl/fbAQLP

exports[`NavArrow Component Test Suite matches snapshot 1`] = `
ReactWrapper {
  Symbol(enzyme.__unrendered__): <NavArrow />,
  Symbol(enzyme.__renderer__): Object {
    "batchedUpdates": [Function],
    "getNode": [Function],
    "render": [Function],
    "simulateError": [Function],
    "simulateEvent": [Function],
    "unmount": [Function],
  },
  Symbol(enzyme.__root__): [Circular],
  Symbol(enzyme.__node__): Object {
    "instance": null,
    "key": undefined,
    "nodeType": "function",
    "props": Object {},
    "ref": null,
    "rendered": Object {
      "instance": <div
        role="presentation"
        class="slick-arrow undefined"
>
        <span
                role="presentation"
                class="fa undefined"
        />
</div>,
      "key": undefined,
      "nodeType": "host",
      "props": Object {
        "children": <span
          className="fa undefined"
          role="presentation"
/>,
        "className": "slick-arrow undefined",
        "onClick": undefined,
        "role": "presentation",
      },
      "ref": null,
      "rendered": Array [
        Object {
          "instance": <span
            role="presentation"
            class="fa undefined"
/>,
          "key": undefined,
          "nodeType": "host",
          "props": Object {
            "className": "fa undefined",
            "role": "presentation",
          },
          "ref": null,
          "rendered": Array [
            undefined,
          ],
          "type": "span",
        },
      ],
      "type": "div",
    },
    "type": [Function],
  },
  Symbol(enzyme.__nodes__): Array [
    Object {
      "instance": null,
      "key": undefined,
      "nodeType": "function",
      "props": Object {},
      "ref": null,
      "rendered": Object {
        "instance": <div
          role="presentation"
          class="slick-arrow undefined"
>
          <span
                    role="presentation"
                    class="fa undefined"
          />
</div>,
        "key": undefined,
        "nodeType": "host",
        "props": Object {
          "children": <span
            className="fa undefined"
            role="presentation"
/>,
          "className": "slick-arrow undefined",
          "onClick": undefined,
          "role": "presentation",
        },
        "ref": null,
        "rendered": Array [
          Object {
            "instance": <span
              role="presentation"
              class="fa undefined"
/>,
            "key": undefined,
            "nodeType": "host",
            "props": Object {
              "className": "fa undefined",
              "role": "presentation",
            },
            "ref": null,
            "rendered": Array [
              undefined,
            ],
            "type": "span",
          },
        ],
        "type": "div",
      },
      "type": [Function],
    },
  ],
  Symbol(enzyme.__options__): Object {
    "adapter": ReactSixteenAdapter {
      "options": Object {
        "enableComponentDidUpdateOnSetState": true,
        "lifecycles": Object {
          "componentDidUpdate": Object {
            "onSetState": true,
          },
          "getDerivedStateFromProps": true,
          "getSnapshotBeforeUpdate": true,
          "setState": Object {
            "skipsComponentDidUpdateOnNullish": true,
          },
        },
      },
    },
  },
}
`;
