// Jest Snapshot v1, https://goo.gl/fbAQLP

exports[`Test the certification page should render without errors 1`] = `
<div
  className="projectContainer"
>
  <div
    className="projectOverview"
  >
    <span
      className="projectType"
      id="projectType"
    >
      INCLUSIVE
    </span>
    <p
      className="projectTitle"
    >
      Certification Name
    </p>
  </div>
  <div
    className="roleDetails"
  >
    <p
      className=""
    >
      Available Slots : 
      <span
        id="availableSlots"
      >
        10
      </span>
    </p>
    <p>
      Start Date: 
      <span>
         NaN/NaN/NaN
      </span>
    </p>
  </div>
  <div
    className="projectManager"
  >
    <p
      className="headingText"
    >
      Team Manager
    </p>
    <div
      className="projectManager__details"
    >
      <img
        alt="project manager"
        src="https://lorempixel.com/100/100/people/?97143"
      />
      <div>
        <p
          className="managerName"
        />
        <p
          className="managerEmail"
        />
      </div>
    </div>
  </div>
</div>
`;

exports[`Test the certification page should render without errors when vacancy details are not provided 1`] = `
<div
  className="projectContainer"
>
  <div
    className="projectOverview"
  >
    <span
      className="projectType"
      id="projectType"
    >
      INCLUSIVE
    </span>
    <p
      className="projectTitle"
    >
      Certification Name
    </p>
  </div>
  <div
    className="roleDetails"
  >
    <p
      className=""
    >
      Available Slots : 
      <span
        id="availableSlots"
      >
        10
      </span>
    </p>
    <p>
      Start Date: 
      <span>
         NaN/NaN/NaN
      </span>
    </p>
  </div>
  <div
    className="projectManager"
  >
    <p
      className="headingText"
    >
      Team Manager
    </p>
    <div
      className="projectManager__details"
    >
      <img
        alt="project manager"
        src="https://lorempixel.com/100/100/people/?97143"
      />
      <div>
        <p
          className="managerName"
        />
        <p
          className="managerEmail"
        />
      </div>
    </div>
  </div>
</div>
`;
