// Jest Snapshot v1, https://goo.gl/fbAQLP

exports[`ProjectsSummaryContainer should map state to props 1`] = `
Object {
  "fellowsSummary": Object {
    "data": Object {},
    "error": "",
    "fellowsSummaryToday": Object {},
    "fellowsSummaryTrend": Object {},
    "loading": false,
  },
  "manager": Object {
    "data": Object {},
    "error": null,
    "loading": false,
  },
}
`;
