// Jest Snapshot v1, https://goo.gl/fbAQLP

exports[`Modal  renders snap 1`] = `
<div
  className="modal display-block"
>
  <section
    className="modal-main"
  >
    <h2>
       Test children 
    </h2>
  </section>
</div>
`;
